../Modules/Brain/Buffers.cpp:19:1:Buffers::~Buffers()	0	static
../Modules/Brain/Buffers.cpp:19:1:virtual Buffers::~Buffers()	8	static
../Modules/Brain/Buffers.cpp:14:1:Buffers::Buffers()	0	static
../Modules/Brain/Buffers.cpp:24:9:Stack* Buffers::new_Stack()	8	static
../Modules/Brain/Buffers.cpp:34:9:Queue* Buffers::new_Queue()	8	static
../Modules/Brain/Buffers.cpp:46:6:void Buffers::delete_Stack(Stack**)	8	static
../Modules/Brain/Buffers.cpp:59:6:void Buffers::delete_Queue(Queue**)	8	static
../Modules/Brain/Buffers.cpp:73:6:bool Buffers::is_empty_Stack(Stack*)	8	static
../Modules/Brain/Buffers.cpp:85:6:void Buffers::pop(Stack*, Node**)	4	static
../Modules/Brain/Buffers.cpp:102:6:void Buffers::push(Stack*, Node*)	16	static
../Modules/Brain/Buffers.cpp:120:6:bool Buffers::is_empty_Queue(Queue*)	8	static
../Modules/Brain/Buffers.cpp:132:6:bool Buffers::get(Queue*, runInfo*)	16	static
../Modules/Brain/Buffers.cpp:160:6:bool Buffers::put(Queue*, runInfo)	24	static
