../Modules/Brain/Cerebellum.cpp:15:1:Cerebellum::Cerebellum()	8	static
../Modules/Brain/Cerebellum.cpp:24:6:void Cerebellum::CerebellumInit(Simulation*, CBody*)	0	static
../Modules/Brain/Cerebellum.cpp:33:6:void Cerebellum::update_sensors()	0	static
../Modules/Brain/Cerebellum.cpp:91:6:void Cerebellum::stop_at(float)	24	static
../Modules/Brain/Cerebellum.cpp:114:6:void Cerebellum::stop_after(float)	24	static
../Modules/Brain/Cerebellum.cpp:129:6:void Cerebellum::wait_until_position(float)	16	static
../Modules/Brain/Cerebellum.cpp:143:6:void Cerebellum::wait_until_distance(float)	16	static
../Modules/Brain/Cerebellum.cpp:162:6:void Cerebellum::stopAndAdjust()	32	static
../Modules/Brain/Cerebellum.cpp:247:6:void Cerebellum::turn(float, float, float)	24	static
../Modules/Brain/Cerebellum.cpp:261:6:void Cerebellum::spin_turn(float, float, float)	24	static
../Modules/Brain/Cerebellum.cpp:184:6:void Cerebellum::end_run()	24	static
../Modules/Brain/Cerebellum.cpp:271:6:void Cerebellum::turnSub(int)	16	static
../Modules/Brain/Cerebellum.cpp:282:6:void Cerebellum::turnLeft45()	16	static
../Modules/Brain/Cerebellum.cpp:292:6:void Cerebellum::turnRight45()	24	static
../Modules/Brain/Cerebellum.cpp:302:6:void Cerebellum::turnLeft90()	16	static
../Modules/Brain/Cerebellum.cpp:312:6:void Cerebellum::turnRight90()	16	static
../Modules/Brain/Cerebellum.cpp:322:6:void Cerebellum::turnBack()	16	static
../Modules/Brain/Cerebellum.cpp:332:6:void Cerebellum::moveSub(int, short int)	24	static
../Modules/Brain/Cerebellum.cpp:348:6:void Cerebellum::moveEdgeForward(short int)	24	static
../Modules/Brain/Cerebellum.cpp:358:6:void Cerebellum::moveHalfForward(short int)	24	static
../Modules/Brain/Cerebellum.cpp:368:6:void Cerebellum::moveFullForward(short int)	24	static
../Modules/Brain/Cerebellum.cpp:378:6:void Cerebellum::smoothSub(int)	48	static
../Modules/Brain/Cerebellum.cpp:418:6:void Cerebellum::smoothLeft90()	16	static
../Modules/Brain/Cerebellum.cpp:428:6:void Cerebellum::smoothRight90()	16	static
../Modules/Brain/Cerebellum.cpp:438:6:void Cerebellum::smoothTurnBack()	32	static
../Modules/Brain/Cerebellum.cpp:62:6:void Cerebellum::TestMoving(Simulation*)	8	static
../Modules/Brain/Cerebellum.cpp:482:6:void Cerebellum::smoothFullForward(short int)	24	static
../Modules/Brain/Cerebellum.cpp:509:6:void Cerebellum::readyToGo()	16	static
../Modules/Brain/Cerebellum.cpp:20:1:Cerebellum::~Cerebellum()	8	static
../Modules/Brain/Cerebellum.cpp:20:1:virtual Cerebellum::~Cerebellum()	8	static
