C:/Users/apex6/Desktop/NewMiceRobots/MiceMA/Modules/Devices/SSD1306/ssd1306_hal/stm32/io.h:112:23:pgm_read_byte	16	static
../Modules/Devices/SSD1306/ssd1306_generic.c:56:16:ssd1306_displayHeight	4	static
../Modules/Devices/SSD1306/ssd1306_generic.c:61:16:ssd1306_displayWidth	4	static
../Modules/Devices/SSD1306/ssd1306_generic.c:66:12:ssd1306_setCursor	16	static
../Modules/Devices/SSD1306/ssd1306_generic.c:72:24:ssd1306_readUnicodeRecord	24	static
../Modules/Devices/SSD1306/ssd1306_generic.c:80:6:ssd1306_setSecondaryFont	16	static
../Modules/Devices/SSD1306/ssd1306_generic.c:91:6:ssd1306_getCharBitmap	16	static
../Modules/Devices/SSD1306/ssd1306_generic.c:96:10:ssd1306_unicode16FromUtf8	24	static
../Modules/Devices/SSD1306/ssd1306_generic.c:118:6:ssd1306_enableUtf8Mode	4	static
../Modules/Devices/SSD1306/ssd1306_generic.c:125:6:ssd1306_enableAsciiMode	4	static
../Modules/Devices/SSD1306/ssd1306_generic.c:140:23:ssd1306_getCharGlyph	16	static
../Modules/Devices/SSD1306/ssd1306_generic.c:148:23:ssd1306_searchCharGlyph	24	static
../Modules/Devices/SSD1306/ssd1306_generic.c:176:23:ssd1306_getU16CharGlyph	24	static
../Modules/Devices/SSD1306/ssd1306_generic.c:207:13:__ssd1306_oldFormatGetBitmap	16	static
../Modules/Devices/SSD1306/ssd1306_generic.c:218:6:ssd1306_setFixedFont	16	static
../Modules/Devices/SSD1306/ssd1306_generic.c:233:6:ssd1306_setFixedFont_oldStyle	16	static
../Modules/Devices/SSD1306/ssd1306_generic.c:248:13:__ssd1306_newFormatGetBitmap	40	static
../Modules/Devices/SSD1306/ssd1306_generic.c:303:6:ssd1306_setFreeFont	16	static
../Modules/Devices/SSD1306/ssd1306_generic.c:321:13:__ssd1306_squixFormatGetBitmap	40	static
../Modules/Devices/SSD1306/ssd1306_generic.c:354:6:ssd1306_setSquixFont	16	static
../Modules/Devices/SSD1306/ssd1306_generic.c:370:11:ssd1306_getTextSize	32	static
