../Modules/Devices/SSD1306/ssd1306_menu.c:39:16:getMaxScreenItems	8	static
../Modules/Devices/SSD1306/ssd1306_menu.c:44:16:getMaxScreenItems8	8	static
../Modules/Devices/SSD1306/ssd1306_menu.c:49:6:ssd1306_createMenu	24	static
../Modules/Devices/SSD1306/ssd1306_menu.c:58:16:calculateScrollPosition	16	static
../Modules/Devices/SSD1306/ssd1306_menu.c:71:16:calculateScrollPosition8	16	static
../Modules/Devices/SSD1306/ssd1306_menu.c:84:13:drawMenuItem	16	static
../Modules/Devices/SSD1306/ssd1306_menu.c:98:13:drawMenuItem8	16	static
../Modules/Devices/SSD1306/ssd1306_menu.c:112:13:drawMenuItem16	16	static
../Modules/Devices/SSD1306/ssd1306_menu.c:126:6:ssd1306_showMenu	40	static
../Modules/Devices/SSD1306/ssd1306_menu.c:137:6:ssd1306_showMenu8	40	static
../Modules/Devices/SSD1306/ssd1306_menu.c:148:6:ssd1306_showMenu16	40	static
../Modules/Devices/SSD1306/ssd1306_menu.c:159:6:ssd1306_updateMenu	24	static
../Modules/Devices/SSD1306/ssd1306_menu.c:178:6:ssd1306_updateMenu8	24	static
../Modules/Devices/SSD1306/ssd1306_menu.c:197:6:ssd1306_updateMenu16	24	static
../Modules/Devices/SSD1306/ssd1306_menu.c:216:9:ssd1306_menuSelection	16	static
../Modules/Devices/SSD1306/ssd1306_menu.c:221:6:ssd1306_menuDown	16	static
../Modules/Devices/SSD1306/ssd1306_menu.c:233:6:ssd1306_menuUp	16	static
../Modules/Devices/SSD1306/ssd1306_menu.c:245:6:ssd1306_drawProgressBar	56	static
../Modules/Devices/SSD1306/ssd1306_menu.c:272:6:ssd1306_drawProgressBar8	48	static
