C:/Users/apex6/Desktop/NewMiceRobots/MiceMA/Modules/Devices/SSD1306/ssd1306_hal/stm32/io.h:112:23:pgm_read_byte	16	static
../Modules/Devices/SSD1306/ssd1306_8bit.c:41:9:ssd1306_setColor	16	static
../Modules/Devices/SSD1306/ssd1306_8bit.c:46:9:ssd1306_setRgbColor	16	static
../Modules/Devices/SSD1306/ssd1306_8bit.c:51:9:ssd1306_setRgbColor8	16	static
../Modules/Devices/SSD1306/ssd1306_8bit.c:56:6:ssd1306_drawMonoBuffer8	40	static
../Modules/Devices/SSD1306/ssd1306_8bit.c:89:13:ssd1306_drawBufferPitch8	32	static
../Modules/Devices/SSD1306/ssd1306_8bit.c:107:6:ssd1306_drawBufferFast8	32	static
../Modules/Devices/SSD1306/ssd1306_8bit.c:112:6:ssd1306_drawBufferEx8	32	static
../Modules/Devices/SSD1306/ssd1306_8bit.c:117:6:ssd1306_fillScreen8	24	static
../Modules/Devices/SSD1306/ssd1306_8bit.c:130:6:ssd1306_clearScreen8	8	static
../Modules/Devices/SSD1306/ssd1306_8bit.c:135:6:ssd1306_putPixel8	16	static
../Modules/Devices/SSD1306/ssd1306_8bit.c:144:6:ssd1306_putColorPixel8	24	static
../Modules/Devices/SSD1306/ssd1306_8bit.c:153:6:ssd1306_drawVLine8	24	static
../Modules/Devices/SSD1306/ssd1306_8bit.c:166:6:ssd1306_drawHLine8	24	static
../Modules/Devices/SSD1306/ssd1306_8bit.c:179:6:ssd1306_drawLine8	56	static
../Modules/Devices/SSD1306/ssd1306_8bit.c:222:6:ssd1306_drawRect8	24	static
../Modules/Devices/SSD1306/ssd1306_8bit.c:230:6:ssd1306_fillRect8	48	static
../Modules/Devices/SSD1306/ssd1306_8bit.c:251:6:ssd1306_drawMonoBitmap8	40	static
../Modules/Devices/SSD1306/ssd1306_8bit.c:284:6:ssd1306_drawBitmap8	40	static
../Modules/Devices/SSD1306/ssd1306_8bit.c:298:6:ssd1306_clearBlock8	32	static
../Modules/Devices/SSD1306/ssd1306_8bit.c:311:6:ssd1306_setCursor8	16	static
../Modules/Devices/SSD1306/ssd1306_8bit.c:317:6:ssd1306_printChar8	48	static
../Modules/Devices/SSD1306/ssd1306_8bit.c:330:8:ssd1306_write8	48	static
../Modules/Devices/SSD1306/ssd1306_8bit.c:379:8:ssd1306_print8	24	static
../Modules/Devices/SSD1306/ssd1306_8bit.c:390:9:ssd1306_printFixed8	24	static
