../Modules/Mices/AdultMouse.cpp:45:1:AdultMouse::~AdultMouse()	8	static
../Modules/Mices/AdultMouse.cpp:45:1:virtual AdultMouse::~AdultMouse()	8	static
../Modules/Mices/AdultMouse.cpp:38:1:AdultMouse::AdultMouse(Simulation*)	16	static
../Modules/Mices/AdultMouse.cpp:258:9:uint8_t AdultMouse::MoveAction(Queue*, uint8_t)	56	static
../Modules/Mices/AdultMouse.cpp:430:5:int AdultMouse::Buildshortcut(Queue*, uint8_t*, uint8_t*, uint8_t, uint8_t, uint8_t, bool)	56	static
../Modules/Mices/AdultMouse.cpp:170:6:int AdultMouse::HowToGo(uint8_t*, uint8_t*, uint8_t*, bool)	72	static
../Modules/Mices/AdultMouse.cpp:111:6:bool AdultMouse::StartToGoal(uint8_t)	40	static
../Modules/Mices/AdultMouse.cpp:144:6:bool AdultMouse::GoalToStart(uint8_t)	40	static
../Modules/Mices/AdultMouse.cpp:57:6:bool AdultMouse::FindGoal(bool)	48	static
../Modules/Mices/AdultMouse.cpp:49:7:bool AdultMouse::WalkToGoal()	0	static
../Modules/Mices/AdultMouse.cpp:53:7:bool AdultMouse::RunToGoal()	0	static
