../Modules/Mices/YoungAdultMouse.cpp:31:1:YoungAdultMouse::~YoungAdultMouse()	8	static
../Modules/Mices/YoungAdultMouse.cpp:31:1:virtual YoungAdultMouse::~YoungAdultMouse()	8	static
../Modules/Mices/YoungAdultMouse.cpp:24:1:YoungAdultMouse::YoungAdultMouse(Simulation*)	16	static
../Modules/Mices/YoungAdultMouse.cpp:390:9:uint8_t YoungAdultMouse::MoveActionSub(uint8_t, uint8_t, uint8_t)	24	static
../Modules/Mices/YoungAdultMouse.cpp:327:9:uint8_t YoungAdultMouse::MoveAction(Queue*, uint8_t)	56	static
../Modules/Mices/YoungAdultMouse.cpp:640:6:void YoungAdultMouse::SetMousePosition(uint8_t*, uint8_t*, uint8_t*, uint8_t, uint8_t, unsigned char)	0	static
../Modules/Mices/YoungAdultMouse.cpp:651:6:void YoungAdultMouse::SetEnterDirection(Node*, uint8_t)	0	static
../Modules/Mices/YoungAdultMouse.cpp:659:6:void YoungAdultMouse::SetExitDirection(Node*, uint8_t)	0	static
../Modules/Mices/YoungAdultMouse.cpp:646:6:void YoungAdultMouse::SetEnterExit(Node*, uint8_t, uint8_t)	16	static
../Modules/Mices/YoungAdultMouse.cpp:319:6:void YoungAdultMouse::TurnSetting(Node*, uint8_t*, uint8_t*, uint8_t*, uint8_t)	24	static
../Modules/Mices/YoungAdultMouse.cpp:514:5:int YoungAdultMouse::Buildshortcut(Queue*, uint8_t*, uint8_t*, uint8_t, uint8_t, uint8_t, bool, bool)	64	static
../Modules/Mices/YoungAdultMouse.cpp:179:6:int YoungAdultMouse::HowToGo(uint8_t*, uint8_t*, uint8_t*, bool)	72	static
../Modules/Mices/YoungAdultMouse.cpp:125:6:bool YoungAdultMouse::StartToGoal(uint8_t)	40	static
../Modules/Mices/YoungAdultMouse.cpp:156:6:bool YoungAdultMouse::GoalToStart(uint8_t)	32	static
../Modules/Mices/YoungAdultMouse.cpp:72:6:bool YoungAdultMouse::FindGoal(bool)	56	static
../Modules/Mices/YoungAdultMouse.cpp:64:7:bool YoungAdultMouse::WalkToGoal()	0	static
../Modules/Mices/YoungAdultMouse.cpp:68:7:bool YoungAdultMouse::RunToGoal()	0	static
