../Modules/Mices/YoungMouse.cpp:25:1:YoungMouse::YoungMouse(Simulation*)	16	static
../Modules/Mices/YoungMouse.cpp:32:1:YoungMouse::~YoungMouse()	16	static
../Modules/Mices/YoungMouse.cpp:32:1:virtual YoungMouse::~YoungMouse()	16	static
../Modules/Mices/YoungMouse.cpp:36:7:bool YoungMouse::WalkToGoal()	16	static
../Modules/Mices/YoungMouse.cpp:40:7:bool YoungMouse::RunToGoal()	16	static
../Modules/Mices/YoungMouse.cpp:44:6:bool YoungMouse::FindGoal(bool)	48	static
../Modules/Mices/YoungMouse.cpp:94:6:bool YoungMouse::StartToGoal(uint8_t)	32	static
../Modules/Mices/YoungMouse.cpp:121:6:bool YoungMouse::GoalToStart(uint8_t)	32	static
../Modules/Mices/YoungMouse.cpp:146:6:int YoungMouse::HowToGo(uint8_t*, uint8_t*, uint8_t*, bool)	72	static
../Modules/Mices/YoungMouse.cpp:221:9:uint8_t YoungMouse::MoveAction(Queue*, uint8_t)	40	static
../Modules/Mices/YoungMouse.cpp:377:5:int YoungMouse::Buildshortcut(Queue*, uint8_t*, uint8_t*, uint8_t, uint8_t, uint8_t, bool)	48	static
../Modules/Mices/YoungMouse.cpp:470:10:uint8_t YoungMouse::GetNextDirection(Node*, uint8_t, bool)	32	static
