../Core/Src/tim.c:33:6:MX_TIM2_Init	56	static
../Core/Src/tim.c:138:6:MX_TIM5_Init	56	static
../Core/Src/tim.c:184:6:MX_TIM9_Init	24	static
../Core/Src/tim.c:219:6:HAL_TIM_Encoder_MspInit	56	static
../Core/Src/tim.c:281:6:HAL_TIM_PWM_MspInit	8	static
../Core/Src/tim.c:297:6:HAL_TIM_Base_MspInit	16	static
../Core/Src/tim.c:316:6:HAL_TIM_MspPostInit	48	static
../Core/Src/tim.c:79:6:MX_TIM3_Init	48	static
../Core/Src/tim.c:355:6:HAL_TIM_Encoder_MspDeInit	8	static
../Core/Src/tim.c:398:6:HAL_TIM_PWM_MspDeInit	0	static
../Core/Src/tim.c:414:6:HAL_TIM_Base_MspDeInit	0	static
