../Modules/Devices/SSD1306/sprite_pool.cpp:42:6:virtual void SpritePool::drawBlock(uint8_t, uint8_t)	0	static
C:/Users/apex6/Desktop/NewMiceRobots/MiceMA/Modules/Devices/SSD1306/nano_gfx_types.h:222:25:SSD1306_RECT SPRITE::getLRect() const	16	static
../Modules/Devices/SSD1306/sprite_pool.cpp:30:1:SpritePool::SpritePool()	16	static
../Modules/Devices/SSD1306/sprite_pool.cpp:74:9:uint8_t SpritePool::add(SPRITE&)	0	static
../Modules/Devices/SSD1306/sprite_pool.cpp:86:6:void SpritePool::clear()	0	static
../Modules/Devices/SSD1306/sprite_pool.cpp:109:6:void SpritePool::updateRegion(SSD1306_RECT)	56	static
../Modules/Devices/SSD1306/sprite_pool.cpp:47:6:void SpritePool::drawSprites()	40	static
../Modules/Devices/SSD1306/sprite_pool.cpp:66:6:void SpritePool::refreshScreen()	8	static
../Modules/Devices/SSD1306/sprite_pool.cpp:91:6:void SpritePool::remove(SPRITE&)	32	static
