../Modules/Devices/SSD1306/ssd1306_16bit.c:46:13:ssd1306_drawBufferPitch16	32	static
../Modules/Devices/SSD1306/ssd1306_16bit.c:41:9:ssd1306_setRgbColor16	0	static
../Modules/Devices/SSD1306/ssd1306_16bit.c:66:6:ssd1306_drawBufferFast16	16	static
../Modules/Devices/SSD1306/ssd1306_16bit.c:71:6:ssd1306_drawBufferEx16	0	static
../Modules/Devices/SSD1306/ssd1306_16bit.c:79:6:ssd1306_drawMonoBuffer16	48	static
../Modules/Devices/SSD1306/ssd1306_16bit.c:112:6:ssd1306_fillScreen16	16	static
../Modules/Devices/SSD1306/ssd1306_16bit.c:125:6:ssd1306_clearScreen16	0	static
../Modules/Devices/SSD1306/ssd1306_16bit.c:130:6:ssd1306_putPixel16	8	static
../Modules/Devices/SSD1306/ssd1306_16bit.c:139:6:ssd1306_putColorPixel16	16	static
../Modules/Devices/SSD1306/ssd1306_16bit.c:148:6:ssd1306_drawVLine16	24	static
../Modules/Devices/SSD1306/ssd1306_16bit.c:161:6:ssd1306_drawHLine16	24	static
../Modules/Devices/SSD1306/ssd1306_16bit.c:174:6:ssd1306_drawLine16	32	static
../Modules/Devices/SSD1306/ssd1306_16bit.c:217:6:ssd1306_drawRect16	24	static
../Modules/Devices/SSD1306/ssd1306_16bit.c:225:6:ssd1306_fillRect16	24	static
../Modules/Devices/SSD1306/ssd1306_16bit.c:246:6:ssd1306_drawMonoBitmap16	0	static
../Modules/Devices/SSD1306/ssd1306_16bit.c:279:6:ssd1306_drawBitmap16	24	static
../Modules/Devices/SSD1306/ssd1306_16bit.c:293:6:ssd1306_clearBlock16	16	static
../Modules/Devices/SSD1306/ssd1306_16bit.c:306:6:ssd1306_setCursor16	0	static
../Modules/Devices/SSD1306/ssd1306_16bit.c:312:6:ssd1306_printChar16	24	static
../Modules/Devices/SSD1306/ssd1306_16bit.c:325:8:ssd1306_write16	40	static
../Modules/Devices/SSD1306/ssd1306_16bit.c:373:8:ssd1306_print16	16	static
../Modules/Devices/SSD1306/ssd1306_16bit.c:384:9:ssd1306_printFixed16	8	static
