../Modules/Devices/SSD1306/ssd1306_generic.c:140:23:ssd1306_getCharGlyph	0	static
../Modules/Devices/SSD1306/ssd1306_generic.c:248:13:__ssd1306_newFormatGetBitmap	20	static
../Modules/Devices/SSD1306/ssd1306_generic.c:321:13:__ssd1306_squixFormatGetBitmap	16	static
../Modules/Devices/SSD1306/ssd1306_generic.c:148:23:ssd1306_searchCharGlyph	12	static
../Modules/Devices/SSD1306/ssd1306_generic.c:207:13:__ssd1306_oldFormatGetBitmap	16	static
../Modules/Devices/SSD1306/ssd1306_generic.c:56:16:ssd1306_displayHeight	0	static
../Modules/Devices/SSD1306/ssd1306_generic.c:61:16:ssd1306_displayWidth	0	static
../Modules/Devices/SSD1306/ssd1306_generic.c:66:12:ssd1306_setCursor	0	static
../Modules/Devices/SSD1306/ssd1306_generic.c:80:6:ssd1306_setSecondaryFont	0	static
../Modules/Devices/SSD1306/ssd1306_generic.c:91:6:ssd1306_getCharBitmap	0	static
../Modules/Devices/SSD1306/ssd1306_generic.c:96:10:ssd1306_unicode16FromUtf8	0	static
../Modules/Devices/SSD1306/ssd1306_generic.c:118:6:ssd1306_enableUtf8Mode	0	static
../Modules/Devices/SSD1306/ssd1306_generic.c:125:6:ssd1306_enableAsciiMode	0	static
../Modules/Devices/SSD1306/ssd1306_generic.c:218:6:ssd1306_setFixedFont	8	static
../Modules/Devices/SSD1306/ssd1306_generic.c:233:6:ssd1306_setFixedFont_oldStyle	8	static
../Modules/Devices/SSD1306/ssd1306_generic.c:303:6:ssd1306_setFreeFont	0	static
../Modules/Devices/SSD1306/ssd1306_generic.c:354:6:ssd1306_setSquixFont	8	static
../Modules/Devices/SSD1306/ssd1306_generic.c:370:11:ssd1306_getTextSize	32	static
