../Modules/Devices/SSD1306/ssd1306_1bit.c:47:6:ssd1306_fillScreen	24	static
../Modules/Devices/SSD1306/ssd1306_1bit.c:64:6:ssd1306_clearScreen	24	static
../Modules/Devices/SSD1306/ssd1306_1bit.c:80:9:ssd1306_printFixed	64	static
../Modules/Devices/SSD1306/ssd1306_1bit.c:169:9:ssd1306_printFixed_oldStyle	64	static
../Modules/Devices/SSD1306/ssd1306_1bit.c:247:9:ssd1306_printFixed2x	72	static
../Modules/Devices/SSD1306/ssd1306_1bit.c:332:9:ssd1306_printFixedN	96	static
../Modules/Devices/SSD1306/ssd1306_1bit.c:488:9:ssd1306_charF6x8	40	static
../Modules/Devices/SSD1306/ssd1306_1bit.c:536:9:ssd1306_charF12x16	64	static
../Modules/Devices/SSD1306/ssd1306_1bit.c:630:14:ssd1306_putPixel	16	static
../Modules/Devices/SSD1306/ssd1306_1bit.c:639:14:ssd1306_putPixels	16	static
../Modules/Devices/SSD1306/ssd1306_1bit.c:648:14:ssd1306_putPixel_delayed	32	static
../Modules/Devices/SSD1306/ssd1306_1bit.c:668:14:ssd1306_drawLine	32	static
../Modules/Devices/SSD1306/ssd1306_1bit.c:712:14:ssd1306_drawHLine	24	static
../Modules/Devices/SSD1306/ssd1306_1bit.c:724:14:ssd1306_drawVLine	32	static
../Modules/Devices/SSD1306/ssd1306_1bit.c:751:14:ssd1306_drawRect	32	static
../Modules/Devices/SSD1306/ssd1306_1bit.c:759:6:ssd1306_drawBufferFast	24	static
../Modules/Devices/SSD1306/ssd1306_1bit.c:775:6:ssd1306_drawBuffer	32	static
../Modules/Devices/SSD1306/ssd1306_1bit.c:792:6:ssd1306_drawBuffer1_4	72	static
../Modules/Devices/SSD1306/ssd1306_1bit.c:827:6:ssd1306_drawBitmap	40	static
../Modules/Devices/SSD1306/ssd1306_1bit.c:847:6:ssd1306_drawBitmap1_4	0	static
../Modules/Devices/SSD1306/ssd1306_1bit.c:882:6:ssd1306_drawXBitmap	48	static
../Modules/Devices/SSD1306/ssd1306_1bit.c:917:6:gfx_drawMonoBitmap	56	static
../Modules/Devices/SSD1306/ssd1306_1bit.c:976:6:ssd1306_clearBlock	24	static
../Modules/Devices/SSD1306/ssd1306_1bit.c:437:8:ssd1306_write	32	static
../Modules/Devices/SSD1306/ssd1306_1bit.c:477:8:ssd1306_print	16	static
../Modules/Devices/SSD1306/ssd1306_1bit.c:615:14:ssd1306_charF6x8_eol	24	static
../Modules/Devices/SSD1306/ssd1306_1bit.c:993:6:ssd1306_fillRect	56	static
../Modules/Devices/SSD1306/ssd1306_1bit.c:1030:6:ssd1306_drawSpriteEx	24	static
../Modules/Devices/SSD1306/ssd1306_1bit.c:1044:6:ssd1306_drawSprite	24	static
../Modules/Devices/SSD1306/ssd1306_1bit.c:1074:6:ssd1306_eraseSprite	32	static
../Modules/Devices/SSD1306/ssd1306_1bit.c:1100:6:ssd1306_eraseTrace	40	static
../Modules/Devices/SSD1306/ssd1306_1bit.c:1141:14:ssd1306_createSprite	8	static
../Modules/Devices/SSD1306/ssd1306_1bit.c:1146:14:ssd1306_replaceSprite	0	static
../Modules/Devices/SSD1306/ssd1306_1bit.c:1151:14:ssd1306_negativeMode	0	static
../Modules/Devices/SSD1306/ssd1306_1bit.c:1156:14:ssd1306_positiveMode	0	static
../Modules/Devices/SSD1306/ssd1306_1bit.c:1161:6:ssd1306_setFont6x8	0	static
