../Modules/Body/CBody.cpp:12:1:CBody::CBody()	8	static
../Modules/Body/CBody.cpp:28:6:void CBody::reset_motor_controllers()	8	static
../Modules/Body/CBody.cpp:21:6:void CBody::start_motor_controllers()	8	static
../Modules/Body/CBody.cpp:46:6:void CBody::enable_motor_controllers()	0	static
../Modules/Body/CBody.cpp:50:6:void CBody::disable_motor_controllers()	0	static
../Modules/Body/CBody.cpp:54:7:float CBody::position_controller()	24	static
../Modules/Body/CBody.cpp:67:7:float CBody::angle_controller()	24	static
../Modules/Body/CBody.cpp:83:6:void CBody::update_motor_controllers()	48	static
../Modules/Body/CBody.cpp:111:6:void CBody::BodyInits()	40	static
../Modules/Body/CBody.cpp:122:6:void CBody::BodyResets()	0	static
../Modules/Body/CBody.cpp:127:6:void CBody::BodyDisplay()	0	static
../Modules/Body/CBody.cpp:132:6:void CBody::BodyUpdates()	8	static
../Modules/Body/CBody.cpp:17:1:CBody::~CBody()	8	static
../Modules/Body/CBody.cpp:17:1:virtual CBody::~CBody()	8	static
