../Modules/Body/CDriveMotors.cpp:17:1:CDriveMotors::~CDriveMotors()	0	static
../Modules/Body/CDriveMotors.cpp:17:1:virtual CDriveMotors::~CDriveMotors()	8	static
../Modules/Body/CDriveMotors.cpp:13:1:CDriveMotors::CDriveMotors()	0	static
../Modules/Body/CDriveMotors.cpp:42:6:void CDriveMotors::setPWMLeft(uint16_t, uint16_t)	0	static
../Modules/Body/CDriveMotors.cpp:47:6:void CDriveMotors::setPWMRight(uint16_t, uint16_t)	0	static
../Modules/Body/CDriveMotors.cpp:52:6:void CDriveMotors::set_left_motor_pwm(int)	0	static
../Modules/Body/CDriveMotors.cpp:61:6:void CDriveMotors::set_right_motor_pwm(int)	0	static
../Modules/Body/CDriveMotors.cpp:70:6:void CDriveMotors::set_left_motor_volts(float)	0	static
../Modules/Body/CDriveMotors.cpp:76:6:void CDriveMotors::set_right_motor_volts(float)	0	static
../Modules/Body/CDriveMotors.cpp:32:6:void CDriveMotors::update_motors(float, float)	8	static
../Modules/Body/CDriveMotors.cpp:37:6:void CDriveMotors::stop_motors()	8	static
../Modules/Body/CDriveMotors.cpp:21:6:void CDriveMotors::init()	0	static
../Modules/Body/CDriveMotors.cpp:27:6:void CDriveMotors::reset_motors()	0	static
