../Modules/Body/CDriveReports.cpp:24:1:CDriveReports::~CDriveReports()	0	static
../Modules/Body/CDriveReports.cpp:24:1:virtual CDriveReports::~CDriveReports()	8	static
../Modules/Body/CDriveReports.cpp:20:1:CDriveReports::CDriveReports()	0	static
../Modules/Body/CDriveReports.cpp:28:6:void CDriveReports::init(CDriveSensors*, CDriveEncoders*, CDriveMotors*, CDriveProfile*, CDriveProfile*)	0	static
../Modules/Body/CDriveReports.cpp:38:6:void CDriveReports::report_profile_header()	8	static
../Modules/Body/CDriveReports.cpp:46:6:void CDriveReports::report_profile()	128	static
../Modules/Body/CDriveReports.cpp:64:6:void CDriveReports::report_sensor_track_header()	8	static
../Modules/Body/CDriveReports.cpp:72:6:void CDriveReports::report_sensor_track()	80	static
../Modules/Body/CDriveReports.cpp:85:6:void CDriveReports::report_sensor_track_raw()	56	static
../Modules/Body/CDriveReports.cpp:99:6:void CDriveReports::report_front_sensor_track_header()	8	static
../Modules/Body/CDriveReports.cpp:107:6:void CDriveReports::report_front_sensor_track()	24	static
../Modules/Body/CDriveReports.cpp:123:6:void CDriveReports::report_encoder_header()	8	static
../Modules/Body/CDriveReports.cpp:131:6:void CDriveReports::report_encoders()	48	static
../Modules/Body/CDriveReports.cpp:148:6:void CDriveReports::report_pose()	56	static
../Modules/Body/CDriveReports.cpp:161:6:void CDriveReports::report_wall_sensors()	24	static
