../Modules/Brain/Simulation.cpp:13:1:Simulation::Simulation()	16	static
../Modules/Brain/Simulation.cpp:18:1:Simulation::~Simulation()	16	static
../Modules/Brain/Simulation.cpp:18:1:virtual Simulation::~Simulation()	16	static
../Modules/Brain/Simulation.cpp:23:6:void Simulation::log(char*)	16	static
../Modules/Brain/Simulation.cpp:27:5:int Simulation::mazeWidth()	16	static
../Modules/Brain/Simulation.cpp:31:5:int Simulation::mazeHeight()	16	static
../Modules/Brain/Simulation.cpp:35:6:bool Simulation::FrontWallFront(int)	48	static
../Modules/Brain/Simulation.cpp:41:6:bool Simulation::FrontWallRight(int)	48	static
../Modules/Brain/Simulation.cpp:47:6:bool Simulation::FrontWallLeft(int)	48	static
../Modules/Brain/Simulation.cpp:53:6:bool Simulation::wallFront()	16	static
../Modules/Brain/Simulation.cpp:57:6:bool Simulation::wallRight()	16	static
../Modules/Brain/Simulation.cpp:61:6:bool Simulation::wallLeft()	16	static
../Modules/Brain/Simulation.cpp:65:6:bool Simulation::BackWallBack(int)	48	static
../Modules/Brain/Simulation.cpp:71:6:bool Simulation::BackWallRight(int)	48	static
../Modules/Brain/Simulation.cpp:77:6:bool Simulation::BackWallLeft(int)	48	static
../Modules/Brain/Simulation.cpp:83:6:bool Simulation::moveFullForward(short int)	48	static
../Modules/Brain/Simulation.cpp:91:6:bool Simulation::moveHalfForward(short int)	48	static
../Modules/Brain/Simulation.cpp:98:6:bool Simulation::moveEdgeForward(short int)	48	static
../Modules/Brain/Simulation.cpp:105:6:void Simulation::runRight()	16	static
../Modules/Brain/Simulation.cpp:109:6:void Simulation::runLeft()	16	static
../Modules/Brain/Simulation.cpp:113:6:void Simulation::turnRight90()	16	static
../Modules/Brain/Simulation.cpp:117:6:void Simulation::turnLeft90()	16	static
../Modules/Brain/Simulation.cpp:121:6:void Simulation::turnRight45()	16	static
../Modules/Brain/Simulation.cpp:125:6:void Simulation::turnLeft45()	16	static
../Modules/Brain/Simulation.cpp:129:6:void Simulation::turnBack()	16	static
../Modules/Brain/Simulation.cpp:133:6:void Simulation::completeRun()	16	static
../Modules/Brain/Simulation.cpp:137:6:void Simulation::setWall(int, int, char)	24	static
../Modules/Brain/Simulation.cpp:141:6:void Simulation::clearWall(int, int, char)	24	static
../Modules/Brain/Simulation.cpp:145:6:void Simulation::setColor(int, int, char)	24	static
../Modules/Brain/Simulation.cpp:149:6:void Simulation::clearColor(int, int)	24	static
../Modules/Brain/Simulation.cpp:153:6:void Simulation::clearAllColor()	16	static
../Modules/Brain/Simulation.cpp:157:6:void Simulation::setText(int, int, char*)	24	static
../Modules/Brain/Simulation.cpp:161:6:void Simulation::clearText(int, int)	24	static
../Modules/Brain/Simulation.cpp:165:6:void Simulation::clearAllText()	16	static
../Modules/Brain/Simulation.cpp:169:6:bool Simulation::wasReset()	16	static
../Modules/Brain/Simulation.cpp:173:6:void Simulation::ackReset()	16	static
../Modules/Brain/Simulation.cpp:179:8:char* Simulation::readline()	16	static
../Modules/Brain/Simulation.cpp:186:8:char* Simulation::communicate(char*)	16	static
../Modules/Brain/Simulation.cpp:191:6:bool Simulation::getAck(char*)	24	static
../Modules/Brain/Simulation.cpp:196:6:bool Simulation::getBoolean(char*)	24	static
../Modules/Brain/Simulation.cpp:201:5:int Simulation::getInteger(char*)	24	static
