Archive member included to satisfy reference by file (symbol)

C:/ST/STM32CubeIDE_1.19.0/STM32CubeIDE/plugins/com.st.stm32cube.ide.mcu.externaltools.gnu-tools-for-stm32.13.3.rel1.win32_1.0.0.202411081344/tools/bin/../lib/gcc/arm-none-eabi/13.3.1/../../../../arm-none-eabi/lib/thumb/v7e-m+fp/hard\libstdc++_nano.a(del_ops.o)
                              ./Modules/Body/CBody.o (operator delete(void*, unsigned int))
C:/ST/STM32CubeIDE_1.19.0/STM32CubeIDE/plugins/com.st.stm32cube.ide.mcu.externaltools.gnu-tools-for-stm32.13.3.rel1.win32_1.0.0.202411081344/tools/bin/../lib/gcc/arm-none-eabi/13.3.1/../../../../arm-none-eabi/lib/thumb/v7e-m+fp/hard\libstdc++_nano.a(del_op.o)
                              C:/ST/STM32CubeIDE_1.19.0/STM32CubeIDE/plugins/com.st.stm32cube.ide.mcu.externaltools.gnu-tools-for-stm32.13.3.rel1.win32_1.0.0.202411081344/tools/bin/../lib/gcc/arm-none-eabi/13.3.1/../../../../arm-none-eabi/lib/thumb/v7e-m+fp/hard\libstdc++_nano.a(del_ops.o) (operator delete(void*))
C:/ST/STM32CubeIDE_1.19.0/STM32CubeIDE/plugins/com.st.stm32cube.ide.mcu.externaltools.gnu-tools-for-stm32.13.3.rel1.win32_1.0.0.202411081344/tools/bin/../lib/gcc/arm-none-eabi/13.3.1/../../../../arm-none-eabi/lib/thumb/v7e-m+fp/hard\libc_nano.a(libc_a-atoi.o)
                              ./Modules/Brain/Simulation.o (atoi)
C:/ST/STM32CubeIDE_1.19.0/STM32CubeIDE/plugins/com.st.stm32cube.ide.mcu.externaltools.gnu-tools-for-stm32.13.3.rel1.win32_1.0.0.202411081344/tools/bin/../lib/gcc/arm-none-eabi/13.3.1/../../../../arm-none-eabi/lib/thumb/v7e-m+fp/hard\libc_nano.a(libc_a-exit.o)
                              C:/ST/STM32CubeIDE_1.19.0/STM32CubeIDE/plugins/com.st.stm32cube.ide.mcu.externaltools.gnu-tools-for-stm32.13.3.rel1.win32_1.0.0.202411081344/tools/bin/../lib/gcc/arm-none-eabi/13.3.1/../../../../arm-none-eabi/lib/thumb/v7e-m+fp/hard/crt0.o (exit)
C:/ST/STM32CubeIDE_1.19.0/STM32CubeIDE/plugins/com.st.stm32cube.ide.mcu.externaltools.gnu-tools-for-stm32.13.3.rel1.win32_1.0.0.202411081344/tools/bin/../lib/gcc/arm-none-eabi/13.3.1/../../../../arm-none-eabi/lib/thumb/v7e-m+fp/hard\libc_nano.a(libc_a-malloc.o)
                              ./Modules/Brain/Buffers.o (malloc)
C:/ST/STM32CubeIDE_1.19.0/STM32CubeIDE/plugins/com.st.stm32cube.ide.mcu.externaltools.gnu-tools-for-stm32.13.3.rel1.win32_1.0.0.202411081344/tools/bin/../lib/gcc/arm-none-eabi/13.3.1/../../../../arm-none-eabi/lib/thumb/v7e-m+fp/hard\libc_nano.a(libc_a-mallocr.o)
                              C:/ST/STM32CubeIDE_1.19.0/STM32CubeIDE/plugins/com.st.stm32cube.ide.mcu.externaltools.gnu-tools-for-stm32.13.3.rel1.win32_1.0.0.202411081344/tools/bin/../lib/gcc/arm-none-eabi/13.3.1/../../../../arm-none-eabi/lib/thumb/v7e-m+fp/hard\libc_nano.a(libc_a-malloc.o) (_malloc_r)
C:/ST/STM32CubeIDE_1.19.0/STM32CubeIDE/plugins/com.st.stm32cube.ide.mcu.externaltools.gnu-tools-for-stm32.13.3.rel1.win32_1.0.0.202411081344/tools/bin/../lib/gcc/arm-none-eabi/13.3.1/../../../../arm-none-eabi/lib/thumb/v7e-m+fp/hard\libc_nano.a(libc_a-mlock.o)
                              C:/ST/STM32CubeIDE_1.19.0/STM32CubeIDE/plugins/com.st.stm32cube.ide.mcu.externaltools.gnu-tools-for-stm32.13.3.rel1.win32_1.0.0.202411081344/tools/bin/../lib/gcc/arm-none-eabi/13.3.1/../../../../arm-none-eabi/lib/thumb/v7e-m+fp/hard\libc_nano.a(libc_a-mallocr.o) (__malloc_lock)
C:/ST/STM32CubeIDE_1.19.0/STM32CubeIDE/plugins/com.st.stm32cube.ide.mcu.externaltools.gnu-tools-for-stm32.13.3.rel1.win32_1.0.0.202411081344/tools/bin/../lib/gcc/arm-none-eabi/13.3.1/../../../../arm-none-eabi/lib/thumb/v7e-m+fp/hard\libc_nano.a(libc_a-strtol.o)
                              C:/ST/STM32CubeIDE_1.19.0/STM32CubeIDE/plugins/com.st.stm32cube.ide.mcu.externaltools.gnu-tools-for-stm32.13.3.rel1.win32_1.0.0.202411081344/tools/bin/../lib/gcc/arm-none-eabi/13.3.1/../../../../arm-none-eabi/lib/thumb/v7e-m+fp/hard\libc_nano.a(libc_a-atoi.o) (_strtol_r)
C:/ST/STM32CubeIDE_1.19.0/STM32CubeIDE/plugins/com.st.stm32cube.ide.mcu.externaltools.gnu-tools-for-stm32.13.3.rel1.win32_1.0.0.202411081344/tools/bin/../lib/gcc/arm-none-eabi/13.3.1/../../../../arm-none-eabi/lib/thumb/v7e-m+fp/hard\libc_nano.a(libc_a-ctype_.o)
                              C:/ST/STM32CubeIDE_1.19.0/STM32CubeIDE/plugins/com.st.stm32cube.ide.mcu.externaltools.gnu-tools-for-stm32.13.3.rel1.win32_1.0.0.202411081344/tools/bin/../lib/gcc/arm-none-eabi/13.3.1/../../../../arm-none-eabi/lib/thumb/v7e-m+fp/hard\libc_nano.a(libc_a-strtol.o) (_ctype_)
C:/ST/STM32CubeIDE_1.19.0/STM32CubeIDE/plugins/com.st.stm32cube.ide.mcu.externaltools.gnu-tools-for-stm32.13.3.rel1.win32_1.0.0.202411081344/tools/bin/../lib/gcc/arm-none-eabi/13.3.1/../../../../arm-none-eabi/lib/thumb/v7e-m+fp/hard\libc_nano.a(libc_a-nano-vfprintf_float.o)
                              (_printf_float)
[...]
Memory Configuration

Name             Origin             Length             Attributes
RAM              0x20000000         0x00020000         xrw
FLASH            0x08000000         0x00080000         xr
*default*        0x00000000         0xffffffff

Linker script and memory map

LOAD C:/ST/STM32CubeIDE_1.19.0/STM32CubeIDE/plugins/com.st.stm32cube.ide.mcu.externaltools.gnu-tools-for-stm32.13.3.rel1.win32_1.0.0.202411081344/tools/bin/../lib/gcc/arm-none-eabi/13.3.1/thumb/v7e-m+fp/hard/crti.o
LOAD C:/ST/STM32CubeIDE_1.19.0/STM32CubeIDE/plugins/com.st.stm32cube.ide.mcu.externaltools.gnu-tools-for-stm32.13.3.rel1.win32_1.0.0.202411081344/tools/bin/../lib/gcc/arm-none-eabi/13.3.1/thumb/v7e-m+fp/hard/crtbegin.o
LOAD C:/ST/STM32CubeIDE_1.19.0/STM32CubeIDE/plugins/com.st.stm32cube.ide.mcu.externaltools.gnu-tools-for-stm32.13.3.rel1.win32_1.0.0.202411081344/tools/bin/../lib/gcc/arm-none-eabi/13.3.1/../../../../arm-none-eabi/lib/thumb/v7e-m+fp/hard/crt0.o
LOAD ./Core/Src/adc.o
LOAD ./Core/Src/gpio.o
LOAD ./Core/Src/i2c.o
LOAD ./Core/Src/main.o
LOAD ./Core/Src/stm32f4xx_hal_msp.o
LOAD ./Core/Src/stm32f4xx_it.o
LOAD ./Core/Src/syscalls.o
LOAD ./Core/Src/sysmem.o
LOAD ./Core/Src/system_stm32f4xx.o
LOAD ./Core/Src/tim.o
LOAD ./Core/Src/usart.o
LOAD ./Core/Startup/startup_stm32f411ceux.o
LOAD ./Drivers/STM32F4xx_HAL_Driver/Src/stm32f4xx_hal.o
LOAD ./Drivers/STM32F4xx_HAL_Driver/Src/stm32f4xx_hal_adc.o
LOAD ./Drivers/STM32F4xx_HAL_Driver/Src/stm32f4xx_hal_adc_ex.o
LOAD ./Drivers/STM32F4xx_HAL_Driver/Src/stm32f4xx_hal_cortex.o
LOAD ./Drivers/STM32F4xx_HAL_Driver/Src/stm32f4xx_hal_dma.o
LOAD ./Drivers/STM32F4xx_HAL_Driver/Src/stm32f4xx_hal_dma_ex.o
LOAD ./Drivers/STM32F4xx_HAL_Driver/Src/stm32f4xx_hal_exti.o
LOAD ./Drivers/STM32F4xx_HAL_Driver/Src/stm32f4xx_hal_flash.o
LOAD ./Drivers/STM32F4xx_HAL_Driver/Src/stm32f4xx_hal_flash_ex.o
LOAD ./Drivers/STM32F4xx_HAL_Driver/Src/stm32f4xx_hal_flash_ramfunc.o
LOAD ./Drivers/STM32F4xx_HAL_Driver/Src/stm32f4xx_hal_gpio.o
LOAD ./Drivers/STM32F4xx_HAL_Driver/Src/stm32f4xx_hal_i2c.o
LOAD ./Drivers/STM32F4xx_HAL_Driver/Src/stm32f4xx_hal_i2c_ex.o
LOAD ./Drivers/STM32F4xx_HAL_Driver/Src/stm32f4xx_hal_pwr.o
LOAD ./Drivers/STM32F4xx_HAL_Driver/Src/stm32f4xx_hal_pwr_ex.o
LOAD ./Drivers/STM32F4xx_HAL_Driver/Src/stm32f4xx_hal_rcc.o
LOAD ./Drivers/STM32F4xx_HAL_Driver/Src/stm32f4xx_hal_rcc_ex.o
LOAD ./Drivers/STM32F4xx_HAL_Driver/Src/stm32f4xx_hal_tim.o
LOAD ./Drivers/STM32F4xx_HAL_Driver/Src/stm32f4xx_hal_tim_ex.o
LOAD ./Drivers/STM32F4xx_HAL_Driver/Src/stm32f4xx_hal_uart.o
LOAD ./Drivers/STM32F4xx_HAL_Driver/Src/stm32f4xx_ll_adc.o
LOAD ./Modules/Body/CBody.o
LOAD ./Modules/Body/CDriveEncoders.o
LOAD ./Modules/Body/CDriveMotors.o
LOAD ./Modules/Body/CDriveProfile.o
LOAD ./Modules/Body/CDriveReports.o
LOAD ./Modules/Body/CDriveSensors.o
LOAD ./Modules/Body/OneButton.o
LOAD ./Modules/Brain/Buffers.o
LOAD ./Modules/Brain/CBrain.o
LOAD ./Modules/Brain/Cerebellum.o
LOAD ./Modules/Brain/Cerebrum.o
LOAD ./Modules/Brain/Floodfill.o
LOAD ./Modules/Brain/Nodes.o
LOAD ./Modules/Brain/Simulation.o
LOAD ./Modules/Devices/EEPROM/ee.o
LOAD ./Modules/Devices/SSD1306/intf/i2c/ssd1306_i2c.o
LOAD ./Modules/Devices/SSD1306/intf/ssd1306_interface.o
LOAD ./Modules/Devices/SSD1306/lcd/lcd_common.o
LOAD ./Modules/Devices/SSD1306/lcd/oled_ssd1306.o
LOAD ./Modules/Devices/SSD1306/nano_gfx.o
LOAD ./Modules/Devices/SSD1306/sova.o
LOAD ./Modules/Devices/SSD1306/sprite_pool.o
LOAD ./Modules/Devices/SSD1306/ssd1306_16bit.o
LOAD ./Modules/Devices/SSD1306/ssd1306_1bit.o
LOAD ./Modules/Devices/SSD1306/ssd1306_8bit.o
LOAD ./Modules/Devices/SSD1306/ssd1306_console.o
LOAD ./Modules/Devices/SSD1306/ssd1306_fonts.o
LOAD ./Modules/Devices/SSD1306/ssd1306_generic.o
LOAD ./Modules/Devices/SSD1306/ssd1306_menu.o
LOAD ./Modules/Devices/SSD1306/ssd1306_hal/stm32/platform.o
LOAD ./Modules/Mices/AdultMouse.o
LOAD ./Modules/Mices/BabyMouse.o
LOAD ./Modules/Mices/CMice.o
LOAD ./Modules/Mices/OldMouse.o
LOAD ./Modules/Mices/YoungAdultMouse.o
LOAD ./Modules/Mices/YoungMouse.o
START GROUP
LOAD C:/ST/STM32CubeIDE_1.19.0/STM32CubeIDE/plugins/com.st.stm32cube.ide.mcu.externaltools.gnu-tools-for-stm32.13.3.rel1.win32_1.0.0.202411081344/tools/bin/../lib/gcc/arm-none-eabi/13.3.1/../../../../arm-none-eabi/lib/thumb/v7e-m+fp/hard\libstdc++_nano.a
LOAD C:/ST/STM32CubeIDE_1.19.0/STM32CubeIDE/plugins/com.st.stm32cube.ide.mcu.externaltools.gnu-tools-for-stm32.13.3.rel1.win32_1.0.0.202411081344/tools/bin/../lib/gcc/arm-none-eabi/13.3.1/../../../../arm-none-eabi/lib/thumb/v7e-m+fp/hard\libsupc++_nano.a
END GROUP
LOAD C:/ST/STM32CubeIDE_1.19.0/STM32CubeIDE/plugins/com.st.stm32cube.ide.mcu.externaltools.gnu-tools-for-stm32.13.3.rel1.win32_1.0.0.202411081344/tools/bin/../lib/gcc/arm-none-eabi/13.3.1/../../../../arm-none-eabi/lib/thumb/v7e-m+fp/hard\libstdc++_nano.a
LOAD C:/ST/STM32CubeIDE_1.19.0/STM32CubeIDE/plugins/com.st.stm32cube.ide.mcu.externaltools.gnu-tools-for-stm32.13.3.rel1.win32_1.0.0.202411081344/tools/bin/../lib/gcc/arm-none-eabi/13.3.1/../../../../arm-none-eabi/lib/thumb/v7e-m+fp/hard\libm.a
LOAD C:/ST/STM32CubeIDE_1.19.0/STM32CubeIDE/plugins/com.st.stm32cube.ide.mcu.externaltools.gnu-tools-for-stm32.13.3.rel1.win32_1.0.0.202411081344/tools/bin/../lib/gcc/arm-none-eabi/13.3.1/../../../../arm-none-eabi/lib/thumb/v7e-m+fp/hard\libc_nano.a
START GROUP
LOAD C:/ST/STM32CubeIDE_1.19.0/STM32CubeIDE/plugins/com.st.stm32cube.ide.mcu.externaltools.gnu-tools-for-stm32.13.3.rel1.win32_1.0.0.202411081344/tools/bin/../lib/gcc/arm-none-eabi/13.3.1/thumb/v7e-m+fp/hard\libgcc.a
LOAD C:/ST/STM32CubeIDE_1.19.0/STM32CubeIDE/plugins/com.st.stm32cube.ide.mcu.externaltools.gnu-tools-for-stm32.13.3.rel1.win32_1.0.0.202411081344/tools/bin/../lib/gcc/arm-none-eabi/13.3.1/../../../../arm-none-eabi/lib/thumb/v7e-m+fp/hard\libc_nano.a
END GROUP
START GROUP
LOAD C:/ST/STM32CubeIDE_1.19.0/STM32CubeIDE/plugins/com.st.stm32cube.ide.mcu.externaltools.gnu-tools-for-stm32.13.3.rel1.win32_1.0.0.202411081344/tools/bin/../lib/gcc/arm-none-eabi/13.3.1/thumb/v7e-m+fp/hard\libgcc.a
LOAD C:/ST/STM32CubeIDE_1.19.0/STM32CubeIDE/plugins/com.st.stm32cube.ide.mcu.externaltools.gnu-tools-for-stm32.13.3.rel1.win32_1.0.0.202411081344/tools/bin/../lib/gcc/arm-none-eabi/13.3.1/../../../../arm-none-eabi/lib/thumb/v7e-m+fp/hard\libc_nano.a
LOAD C:/ST/STM32CubeIDE_1.19.0/STM32CubeIDE/plugins/com.st.stm32cube.ide.mcu.externaltools.gnu-tools-for-stm32.13.3.rel1.win32_1.0.0.202411081344/tools/bin/../lib/gcc/arm-none-eabi/13.3.1/../../../../arm-none-eabi/lib/thumb/v7e-m+fp/hard\libnosys.a
END GROUP
START GROUP
LOAD C:/ST/STM32CubeIDE_1.19.0/STM32CubeIDE/plugins/com.st.stm32cube.ide.mcu.externaltools.gnu-tools-for-stm32.13.3.rel1.win32_1.0.0.202411081344/tools/bin/../lib/gcc/arm-none-eabi/13.3.1/thumb/v7e-m+fp/hard\libgcc.a
LOAD C:/ST/STM32CubeIDE_1.19.0/STM32CubeIDE/plugins/com.st.stm32cube.ide.mcu.externaltools.gnu-tools-for-stm32.13.3.rel1.win32_1.0.0.202411081344/tools/bin/../lib/gcc/arm-none-eabi/13.3.1/../../../../arm-none-eabi/lib/thumb/v7e-m+fp/hard\libc_nano.a
LOAD C:/ST/STM32CubeIDE_1.19.0/STM32CubeIDE/plugins/com.st.stm32cube.ide.mcu.externaltools.gnu-tools-for-stm32.13.3.rel1.win32_1.0.0.202411081344/tools/bin/../lib/gcc/arm-none-eabi/13.3.1/../../../../arm-none-eabi/lib/thumb/v7e-m+fp/hard\libnosys.a
END GROUP
LOAD C:/ST/STM32CubeIDE_1.19.0/STM32CubeIDE/plugins/com.st.stm32cube.ide.mcu.externaltools.gnu-tools-for-stm32.13.3.rel1.win32_1.0.0.202411081344/tools/bin/../lib/gcc/arm-none-eabi/13.3.1/thumb/v7e-m+fp/hard/crtend.o
LOAD C:/ST/STM32CubeIDE_1.19.0/STM32CubeIDE/plugins/com.st.stm32cube.ide.mcu.externaltools.gnu-tools-for-stm32.13.3.rel1.win32_1.0.0.202411081344/tools/bin/../lib/gcc/arm-none-eabi/13.3.1/thumb/v7e-m+fp/hard/crtn.o
                0x20020000                        _estack = (ORIGIN (RAM) + LENGTH (RAM))
                0x00000200                        _Min_Heap_Size = 0x200
                0x00000400                        _Min_Stack_Size = 0x400

.isr_vector     0x08000000      0x198
                0x08000000                        . = ALIGN (0x4)
 *(.isr_vector)
 .isr_vector    0x08000000      0x198 ./Core/Startup/startup_stm32f411ceux.o
                0x08000000                g_pfnVectors
                0x08000198                        . = ALIGN (0x4)

.text           0x080001a0     0xb684
                0x080001a0                        . = ALIGN (0x4)
 *(.text)
 .text          0x080001a0       0x40 C:/ST/STM32CubeIDE_1.19.0/STM32CubeIDE/plugins/com.st.stm32cube.ide.mcu.externaltools.gnu-tools-for-stm32.13.3.rel1.win32_1.0.0.202411081344/tools/bin/../lib/gcc/arm-none-eabi/13.3.1/thumb/v7e-m+fp/hard/crtbegin.o
 .text          0x080001e0       0xa0 C:/ST/STM32CubeIDE_1.19.0/STM32CubeIDE/plugins/com.st.stm32cube.ide.mcu.externaltools.gnu-tools-for-stm32.13.3.rel1.win32_1.0.0.202411081344/tools/bin/../lib/gcc/arm-none-eabi/13.3.1/../../../../arm-none-eabi/lib/thumb/v7e-m+fp/hard\libc_nano.a(libc_a-memchr.o)
                0x080001e0                memchr
 .text          0x08000280       0x10 C:/ST/STM32CubeIDE_1.19.0/STM32CubeIDE/plugins/com.st.stm32cube.ide.mcu.externaltools.gnu-tools-for-stm32.13.3.rel1.win32_1.0.0.202411081344/tools/bin/../lib/gcc/arm-none-eabi/13.3.1/../../../../arm-none-eabi/lib/thumb/v7e-m+fp/hard\libc_nano.a(libc_a-strlen.o)
                0x08000280                strlen
 .text          0x08000290      0x378 C:/ST/STM32CubeIDE_1.19.0/STM32CubeIDE/plugins/com.st.stm32cube.ide.mcu.externaltools.gnu-tools-for-stm32.13.3.rel1.win32_1.0.0.202411081344/tools/bin/../lib/gcc/arm-none-eabi/13.3.1/thumb/v7e-m+fp/hard\libgcc.a(_arm_addsubdf3.o)
                0x08000290                __aeabi_drsub
                0x08000298                __aeabi_dsub
                0x08000298                __subdf3
                0x0800029c                __aeabi_dadd
                0x0800029c                __adddf3
                0x08000514                __floatunsidf
                0x08000514                __aeabi_ui2d
                0x08000534                __floatsidf
                0x08000534                __aeabi_i2d
                0x08000558                __aeabi_f2d
                0x08000558                __extendsfdf2
                0x0800059c                __floatundidf
                0x0800059c                __aeabi_ul2d
                0x080005ac                __floatdidf
                0x080005ac                __aeabi_l2d
 .text          0x08000608      0x424 C:/ST/STM32CubeIDE_1.19.0/STM32CubeIDE/plugins/com.st.stm32cube.ide.mcu.externaltools.gnu-tools-for-stm32.13.3.rel1.win32_1.0.0.202411081344/tools/bin/../lib/gcc/arm-none-eabi/13.3.1/thumb/v7e-m+fp/hard\libgcc.a(_arm_muldivdf3.o)
                0x08000608                __aeabi_dmul
                0x08000608                __muldf3
                0x0800085c                __divdf3
                0x0800085c                __aeabi_ddiv
 .text          0x08000a2c      0x110 C:/ST/STM32CubeIDE_1.19.0/STM32CubeIDE/plugins/com.st.stm32cube.ide.mcu.externaltools.gnu-tools-for-stm32.13.3.rel1.win32_1.0.0.202411081344/tools/bin/../lib/gcc/arm-none-eabi/13.3.1/thumb/v7e-m+fp/hard\libgcc.a(_arm_cmpdf2.o)
                0x08000a2c                __gtdf2
                0x08000a2c                __gedf2
                0x08000a34                __ltdf2
                0x08000a34                __ledf2
                0x08000a3c                __nedf2
                0x08000a3c                __eqdf2
                0x08000a3c                __cmpdf2
                0x08000ab8                __aeabi_cdrcmple
                0x08000ac8                __aeabi_cdcmpeq
                0x08000ac8                __aeabi_cdcmple
                0x08000ad8                __aeabi_dcmpeq
                0x08000aec                __aeabi_dcmplt
                0x08000b00                __aeabi_dcmple
                0x08000b14                __aeabi_dcmpge
                0x08000b28                __aeabi_dcmpgt
 .text          0x08000b3c       0x2c C:/ST/STM32CubeIDE_1.19.0/STM32CubeIDE/plugins/com.st.stm32cube.ide.mcu.externaltools.gnu-tools-for-stm32.13.3.rel1.win32_1.0.0.202411081344/tools/bin/../lib/gcc/arm-none-eabi/13.3.1/thumb/v7e-m+fp/hard\libgcc.a(_arm_unorddf2.o)
                0x08000b3c                __unorddf2
                0x08000b3c                __aeabi_dcmpun
 .text          0x08000b68       0x50 C:/ST/STM32CubeIDE_1.19.0/STM32CubeIDE/plugins/com.st.stm32cube.ide.mcu.externaltools.gnu-tools-for-stm32.13.3.rel1.win32_1.0.0.202411081344/tools/bin/../lib/gcc/arm-none-eabi/13.3.1/thumb/v7e-m+fp/hard\libgcc.a(_arm_fixdfsi.o)
                0x08000b68                __aeabi_d2iz
                0x08000b68                __fixdfsi
 .text          0x08000bb8       0x40 C:/ST/STM32CubeIDE_1.19.0/STM32CubeIDE/plugins/com.st.stm32cube.ide.mcu.externaltools.gnu-tools-for-stm32.13.3.rel1.win32_1.0.0.202411081344/tools/bin/../lib/gcc/arm-none-eabi/13.3.1/thumb/v7e-m+fp/hard\libgcc.a(_arm_fixunsdfsi.o)
                0x08000bb8                __aeabi_d2uiz
                0x08000bb8                __fixunsdfsi
 .text          0x08000bf8       0xa0 C:/ST/STM32CubeIDE_1.19.0/STM32CubeIDE/plugins/com.st.stm32cube.ide.mcu.externaltools.gnu-tools-for-stm32.13.3.rel1.win32_1.0.0.202411081344/tools/bin/../lib/gcc/arm-none-eabi/13.3.1/thumb/v7e-m+fp/hard\libgcc.a(_arm_truncdfsf2.o)
                0x08000bf8                __truncdfsf2
                0x08000bf8                __aeabi_d2f
 .text          0x08000c98       0x30 C:/ST/STM32CubeIDE_1.19.0/STM32CubeIDE/plugins/com.st.stm32cube.ide.mcu.externaltools.gnu-tools-for-stm32.13.3.rel1.win32_1.0.0.202411081344/tools/bin/../lib/gcc/arm-none-eabi/13.3.1/thumb/v7e-m+fp/hard\libgcc.a(_aeabi_uldivmod.o)
                0x08000c98                __aeabi_uldivmod
 .text          0x08000cc8       0x30 C:/ST/STM32CubeIDE_1.19.0/STM32CubeIDE/plugins/com.st.stm32cube.ide.mcu.externaltools.gnu-tools-for-stm32.13.3.rel1.win32_1.0.0.202411081344/tools/bin/../lib/gcc/arm-none-eabi/13.3.1/thumb/v7e-m+fp/hard\libgcc.a(_fixdfdi.o)
                0x08000cc8                __fixdfdi
                0x08000cc8                __aeabi_d2lz
 .text          0x08000cf8       0x3c C:/ST/STM32CubeIDE_1.19.0/STM32CubeIDE/plugins/com.st.stm32cube.ide.mcu.externaltools.gnu-tools-for-stm32.13.3.rel1.win32_1.0.0.202411081344/tools/bin/../lib/gcc/arm-none-eabi/13.3.1/thumb/v7e-m+fp/hard\libgcc.a(_fixunsdfdi.o)
                0x08000cf8                __fixunsdfdi
                0x08000cf8                __aeabi_d2ulz
 .text          0x08000d34      0x2f8 C:/ST/STM32CubeIDE_1.19.0/STM32CubeIDE/plugins/com.st.stm32cube.ide.mcu.externaltools.gnu-tools-for-stm32.13.3.rel1.win32_1.0.0.202411081344/tools/bin/../lib/gcc/arm-none-eabi/13.3.1/thumb/v7e-m+fp/hard\libgcc.a(_udivmoddi4.o)
                0x08000d34                __udivmoddi4
 .text          0x0800102c        0x4 C:/ST/STM32CubeIDE_1.19.0/STM32CubeIDE/plugins/com.st.stm32cube.ide.mcu.externaltools.gnu-tools-for-stm32.13.3.rel1.win32_1.0.0.202411081344/tools/bin/../lib/gcc/arm-none-eabi/13.3.1/thumb/v7e-m+fp/hard\libgcc.a(_dvmd_tls.o)
                0x0800102c                __aeabi_idiv0
                0x0800102c                __aeabi_ldiv0
 *(.text*)
 .text.MX_ADC1_Init
                0x08001030       0x6c ./Core/Src/adc.o
                0x08001030                MX_ADC1_Init
 .text.HAL_ADC_MspInit
                0x0800109c       0x64 ./Core/Src/adc.o
                0x0800109c                HAL_ADC_MspInit
 .text.MX_GPIO_Init
                0x08001100       0xf8 ./Core/Src/gpio.o
                0x08001100                MX_GPIO_Init
 .text.MX_I2C1_Init
                0x080011f8       0x3c ./Core/Src/i2c.o
                0x080011f8                MX_I2C1_Init
 .text.HAL_I2C_MspInit
                0x08001234       0x6c ./Core/Src/i2c.o
                0x08001234                HAL_I2C_MspInit
 .text._Z6click1v
                0x080012a0       0x40 ./Core/Src/main.o
                0x080012a0                click1()
 .text._Z6click2v
                0x080012e0       0x40 ./Core/Src/main.o
                0x080012e0                click2()
 .text.HAL_TIM_PeriodElapsedCallback
                0x08001320       0x18 ./Core/Src/main.o
                0x08001320                HAL_TIM_PeriodElapsedCallback
 .text.Error_Handler
                0x08001338       0x1c ./Core/Src/main.o
                0x08001338                Error_Handler
 .text._Z18SystemClock_Configv
                0x08001354       0x9c ./Core/Src/main.o
                0x08001354                SystemClock_Config()
 .text.startup.main
                0x080013f0       0xc0 ./Core/Src/main.o
                0x080013f0                main
 .text.startup._GLOBAL__sub_I_mySimulation
                0x080014b0       0x4c ./Core/Src/main.o
 .text.exit._GLOBAL__sub_D_mySimulation
                0x080014fc       0x44 ./Core/Src/main.o
 .text.HAL_MspInit
                0x08001540       0x38 ./Core/Src/stm32f4xx_hal_msp.o
                0x08001540                HAL_MspInit
 .text.NMI_Handler
                0x08001578        0x2 ./Core/Src/stm32f4xx_it.o
                0x08001578                NMI_Handler
 .text.HardFault_Handler
                0x0800157a        0x2 ./Core/Src/stm32f4xx_it.o
                0x0800157a                HardFault_Handler
 .text.MemManage_Handler
                0x0800157c        0x2 ./Core/Src/stm32f4xx_it.o
                0x0800157c                MemManage_Handler
 .text.BusFault_Handler
                0x0800157e        0x2 ./Core/Src/stm32f4xx_it.o
                0x0800157e                BusFault_Handler
 .text.UsageFault_Handler
                0x08001580        0x2 ./Core/Src/stm32f4xx_it.o
                0x08001580                UsageFault_Handler
 .text.SVC_Handler
                0x08001582        0x2 ./Core/Src/stm32f4xx_it.o
                0x08001582                SVC_Handler
 .text.DebugMon_Handler
                0x08001584        0x2 ./Core/Src/stm32f4xx_it.o
                0x08001584                DebugMon_Handler
 .text.PendSV_Handler
                0x08001586        0x2 ./Core/Src/stm32f4xx_it.o
                0x08001586                PendSV_Handler
 .text.SysTick_Handler
                0x08001588       0x1c ./Core/Src/stm32f4xx_it.o
                0x08001588                SysTick_Handler
 .text.TIM1_BRK_TIM9_IRQHandler
                0x080015a4        0xc ./Core/Src/stm32f4xx_it.o
                0x080015a4                TIM1_BRK_TIM9_IRQHandler
 .text.cycleCounterInit
                0x080015b0       0x48 ./Core/Src/stm32f4xx_it.o
                0x080015b0                cycleCounterInit
 .text.micros   0x080015f8       0x34 ./Core/Src/stm32f4xx_it.o
                0x080015f8                micros
 .text.millis   0x0800162c        0xc ./Core/Src/stm32f4xx_it.o
                0x0800162c                millis
 .text.delay    0x08001638       0x1c ./Core/Src/stm32f4xx_it.o
                0x08001638                delay
 .text._getpid  0x08001654        0x4 ./Core/Src/syscalls.o
                0x08001654                _getpid
 .text._kill    0x08001658       0x10 ./Core/Src/syscalls.o
                0x08001658                _kill
 .text._exit    0x08001668        0xc ./Core/Src/syscalls.o
                0x08001668                _exit
 .text._read    0x08001674       0x74 ./Core/Src/syscalls.o
                0x08001674                _read
 .text._write   0x080016e8       0x20 ./Core/Src/syscalls.o
                0x080016e8                _write
 .text._close   0x08001708        0x6 ./Core/Src/syscalls.o
                0x08001708                _close
 .text._fstat   0x0800170e        0xa ./Core/Src/syscalls.o
                0x0800170e                _fstat
 .text._isatty  0x08001718        0x4 ./Core/Src/syscalls.o
                0x08001718                _isatty
 .text._lseek   0x0800171c        0x4 ./Core/Src/syscalls.o
                0x0800171c                _lseek
 .text._sbrk    0x08001720       0x40 ./Core/Src/sysmem.o
                0x08001720                _sbrk
 .text.SystemInit
                0x08001760       0x14 ./Core/Src/system_stm32f4xx.o
                0x08001760                SystemInit
 .text.MX_TIM2_Init
                0x08001774       0x68 ./Core/Src/tim.o
                0x08001774                MX_TIM2_Init
 .text.MX_TIM5_Init
                0x080017dc       0x6c ./Core/Src/tim.o
                0x080017dc                MX_TIM5_Init
 .text.MX_TIM9_Init
                0x08001848       0x60 ./Core/Src/tim.o
                0x08001848                MX_TIM9_Init
 .text.HAL_TIM_Encoder_MspInit
                0x080018a8       0xdc ./Core/Src/tim.o
                0x080018a8                HAL_TIM_Encoder_MspInit
 .text.HAL_TIM_PWM_MspInit
                0x08001984       0x30 ./Core/Src/tim.o
                0x08001984                HAL_TIM_PWM_MspInit
 .text.HAL_TIM_Base_MspInit
                0x080019b4       0x44 ./Core/Src/tim.o
                0x080019b4                HAL_TIM_Base_MspInit
 .text.HAL_TIM_MspPostInit
                0x080019f8       0x7c ./Core/Src/tim.o
                0x080019f8                HAL_TIM_MspPostInit
 .text.MX_TIM3_Init
                0x08001a74       0xc4 ./Core/Src/tim.o
                0x08001a74                MX_TIM3_Init
 .text.MX_USART1_UART_Init
                0x08001b38       0x38 ./Core/Src/usart.o
                0x08001b38                MX_USART1_UART_Init
 .text.HAL_UART_MspInit
                0x08001b70       0x6c ./Core/Src/usart.o
                0x08001b70                HAL_UART_MspInit
 .text.Reset_Handler
                0x08001bdc       0x50 ./Core/Startup/startup_stm32f411ceux.o
                0x08001bdc                Reset_Handler
 .text.Default_Handler
                0x08001c2c        0x2 ./Core/Startup/startup_stm32f411ceux.o
                0x08001c2c                RTC_Alarm_IRQHandler
                0x08001c2c                EXTI2_IRQHandler
                0x08001c2c                SPI4_IRQHandler
                0x08001c2c                TIM1_CC_IRQHandler
                0x08001c2c                DMA2_Stream5_IRQHandler
                0x08001c2c                DMA1_Stream5_IRQHandler
                0x08001c2c                PVD_IRQHandler
                0x08001c2c                SDIO_IRQHandler
                0x08001c2c                TAMP_STAMP_IRQHandler
                0x08001c2c                EXTI3_IRQHandler
                0x08001c2c                TIM1_UP_TIM10_IRQHandler
                0x08001c2c                I2C3_ER_IRQHandler
                0x08001c2c                EXTI0_IRQHandler
                0x08001c2c                I2C2_EV_IRQHandler
                0x08001c2c                DMA1_Stream2_IRQHandler
                0x08001c2c                FPU_IRQHandler
                0x08001c2c                DMA2_Stream2_IRQHandler
                0x08001c2c                SPI1_IRQHandler
                0x08001c2c                DMA2_Stream3_IRQHandler
                0x08001c2c                USART6_IRQHandler
                0x08001c2c                DMA2_Stream0_IRQHandler
                0x08001c2c                TIM4_IRQHandler
                0x08001c2c                I2C1_EV_IRQHandler
                0x08001c2c                DMA1_Stream6_IRQHandler
                0x08001c2c                DMA1_Stream1_IRQHandler
                0x08001c2c                TIM3_IRQHandler
                0x08001c2c                RCC_IRQHandler
                0x08001c2c                Default_Handler
                0x08001c2c                EXTI15_10_IRQHandler
                0x08001c2c                ADC_IRQHandler
                0x08001c2c                DMA1_Stream7_IRQHandler
                0x08001c2c                SPI5_IRQHandler
                0x08001c2c                TIM5_IRQHandler
                0x08001c2c                DMA2_Stream7_IRQHandler
                0x08001c2c                I2C3_EV_IRQHandler
                0x08001c2c                EXTI9_5_IRQHandler
                0x08001c2c                RTC_WKUP_IRQHandler
                0x08001c2c                SPI2_IRQHandler
                0x08001c2c                DMA1_Stream0_IRQHandler
                0x08001c2c                EXTI4_IRQHandler
                0x08001c2c                WWDG_IRQHandler
                0x08001c2c                TIM2_IRQHandler
                0x08001c2c                OTG_FS_WKUP_IRQHandler
                0x08001c2c                TIM1_TRG_COM_TIM11_IRQHandler
                0x08001c2c                EXTI1_IRQHandler
                0x08001c2c                USART2_IRQHandler
                0x08001c2c                I2C2_ER_IRQHandler
                0x08001c2c                DMA2_Stream1_IRQHandler
                0x08001c2c                FLASH_IRQHandler
                0x08001c2c                DMA2_Stream4_IRQHandler
                0x08001c2c                USART1_IRQHandler
                0x08001c2c                OTG_FS_IRQHandler
                0x08001c2c                SPI3_IRQHandler
                0x08001c2c                DMA1_Stream4_IRQHandler
                0x08001c2c                I2C1_ER_IRQHandler
                0x08001c2c                DMA2_Stream6_IRQHandler
                0x08001c2c                DMA1_Stream3_IRQHandler
 *fill*         0x08001c2e        0x2 
 .text.HAL_InitTick
                0x08001c30       0x48 ./Drivers/STM32F4xx_HAL_Driver/Src/stm32f4xx_hal.o
                0x08001c30                HAL_InitTick
 .text.HAL_Init
                0x08001c78       0x34 ./Drivers/STM32F4xx_HAL_Driver/Src/stm32f4xx_hal.o
                0x08001c78                HAL_Init
 .text.HAL_IncTick
                0x08001cac       0x18 ./Drivers/STM32F4xx_HAL_Driver/Src/stm32f4xx_hal.o
                0x08001cac                HAL_IncTick
 .text.HAL_GetTick
                0x08001cc4        0xc ./Drivers/STM32F4xx_HAL_Driver/Src/stm32f4xx_hal.o
                0x08001cc4                HAL_GetTick
 .text.HAL_Delay
                0x08001cd0       0x28 ./Drivers/STM32F4xx_HAL_Driver/Src/stm32f4xx_hal.o
                0x08001cd0                HAL_Delay
 .text.HAL_ADC_Init
                0x08001cf8      0x14c ./Drivers/STM32F4xx_HAL_Driver/Src/stm32f4xx_hal_adc.o
                0x08001cf8                HAL_ADC_Init
 .text.HAL_ADC_Start
                0x08001e44       0xd0 ./Drivers/STM32F4xx_HAL_Driver/Src/stm32f4xx_hal_adc.o
                0x08001e44                HAL_ADC_Start
 .text.HAL_ADC_Stop
                0x08001f14       0x36 ./Drivers/STM32F4xx_HAL_Driver/Src/stm32f4xx_hal_adc.o
                0x08001f14                HAL_ADC_Stop
 .text.HAL_ADC_PollForConversion
                0x08001f4a       0xa6 ./Drivers/STM32F4xx_HAL_Driver/Src/stm32f4xx_hal_adc.o
                0x08001f4a                HAL_ADC_PollForConversion
 .text.HAL_ADC_GetValue
                0x08001ff0        0x6 ./Drivers/STM32F4xx_HAL_Driver/Src/stm32f4xx_hal_adc.o
                0x08001ff0                HAL_ADC_GetValue
 *fill*         0x08001ff6        0x2 
 .text.HAL_ADC_ConfigChannel
                0x08001ff8      0x138 ./Drivers/STM32F4xx_HAL_Driver/Src/stm32f4xx_hal_adc.o
                0x08001ff8                HAL_ADC_ConfigChannel
 .text.HAL_NVIC_SetPriorityGrouping
                0x08002130       0x24 ./Drivers/STM32F4xx_HAL_Driver/Src/stm32f4xx_hal_cortex.o
                0x08002130                HAL_NVIC_SetPriorityGrouping
 .text.HAL_NVIC_SetPriority
                0x08002154       0x64 ./Drivers/STM32F4xx_HAL_Driver/Src/stm32f4xx_hal_cortex.o
                0x08002154                HAL_NVIC_SetPriority
 .text.HAL_NVIC_EnableIRQ
                0x080021b8       0x1c ./Drivers/STM32F4xx_HAL_Driver/Src/stm32f4xx_hal_cortex.o
                0x080021b8                HAL_NVIC_EnableIRQ
 .text.HAL_SYSTICK_Config
                0x080021d4       0x28 ./Drivers/STM32F4xx_HAL_Driver/Src/stm32f4xx_hal_cortex.o
                0x080021d4                HAL_SYSTICK_Config
 .text.HAL_SYSTICK_Callback
                0x080021fc        0x2 ./Drivers/STM32F4xx_HAL_Driver/Src/stm32f4xx_hal_cortex.o
                0x080021fc                HAL_SYSTICK_Callback
 .text.HAL_SYSTICK_IRQHandler
                0x080021fe        0x8 ./Drivers/STM32F4xx_HAL_Driver/Src/stm32f4xx_hal_cortex.o
                0x080021fe                HAL_SYSTICK_IRQHandler
 *fill*         0x08002206        0x2 
 .text.FLASH_Program_DoubleWord
                0x08002208       0x2c ./Drivers/STM32F4xx_HAL_Driver/Src/stm32f4xx_hal_flash.o
 .text.FLASH_Program_Word
                0x08002234       0x24 ./Drivers/STM32F4xx_HAL_Driver/Src/stm32f4xx_hal_flash.o
 .text.FLASH_Program_HalfWord
                0x08002258       0x24 ./Drivers/STM32F4xx_HAL_Driver/Src/stm32f4xx_hal_flash.o
 .text.FLASH_SetErrorCode
                0x0800227c       0x8c ./Drivers/STM32F4xx_HAL_Driver/Src/stm32f4xx_hal_flash.o
 .text.HAL_FLASH_Unlock
                0x08002308       0x24 ./Drivers/STM32F4xx_HAL_Driver/Src/stm32f4xx_hal_flash.o
                0x08002308                HAL_FLASH_Unlock
 .text.HAL_FLASH_Lock
                0x0800232c       0x14 ./Drivers/STM32F4xx_HAL_Driver/Src/stm32f4xx_hal_flash.o
                0x0800232c                HAL_FLASH_Lock
 .text.FLASH_WaitForLastOperation
                0x08002340       0x50 ./Drivers/STM32F4xx_HAL_Driver/Src/stm32f4xx_hal_flash.o
                0x08002340                FLASH_WaitForLastOperation
 .text.HAL_FLASH_Program
                0x08002390       0x8c ./Drivers/STM32F4xx_HAL_Driver/Src/stm32f4xx_hal_flash.o
                0x08002390                HAL_FLASH_Program
 .text.FLASH_MassErase.isra.0
                0x0800241c       0x24 ./Drivers/STM32F4xx_HAL_Driver/Src/stm32f4xx_hal_flash_ex.o
 .text.FLASH_Erase_Sector
                0x08002440       0x3c ./Drivers/STM32F4xx_HAL_Driver/Src/stm32f4xx_hal_flash_ex.o
                0x08002440                FLASH_Erase_Sector
 .text.FLASH_FlushCaches
                0x0800247c       0x58 ./Drivers/STM32F4xx_HAL_Driver/Src/stm32f4xx_hal_flash_ex.o
                0x0800247c                FLASH_FlushCaches
 .text.HAL_FLASHEx_Erase
                0x080024d4       0xa0 ./Drivers/STM32F4xx_HAL_Driver/Src/stm32f4xx_hal_flash_ex.o
                0x080024d4                HAL_FLASHEx_Erase
 .text.HAL_GPIO_Init
                0x08002574      0x18c ./Drivers/STM32F4xx_HAL_Driver/Src/stm32f4xx_hal_gpio.o
                0x08002574                HAL_GPIO_Init
 .text.HAL_GPIO_ReadPin
                0x08002700        0xc ./Drivers/STM32F4xx_HAL_Driver/Src/stm32f4xx_hal_gpio.o
                0x08002700                HAL_GPIO_ReadPin
 .text.HAL_GPIO_WritePin
                0x0800270c        0xa ./Drivers/STM32F4xx_HAL_Driver/Src/stm32f4xx_hal_gpio.o
                0x0800270c                HAL_GPIO_WritePin
 .text.HAL_GPIO_TogglePin
                0x08002716       0x12 ./Drivers/STM32F4xx_HAL_Driver/Src/stm32f4xx_hal_gpio.o
                0x08002716                HAL_GPIO_TogglePin
 .text.I2C_IsAcknowledgeFailed
                0x08002728       0x34 ./Drivers/STM32F4xx_HAL_Driver/Src/stm32f4xx_hal_i2c.o
 .text.I2C_WaitOnFlagUntilTimeout
                0x0800275c       0x80 ./Drivers/STM32F4xx_HAL_Driver/Src/stm32f4xx_hal_i2c.o
 .text.I2C_WaitOnMasterAddressFlagUntilTimeout
                0x080027dc       0x84 ./Drivers/STM32F4xx_HAL_Driver/Src/stm32f4xx_hal_i2c.o
 .text.I2C_WaitOnTXEFlagUntilTimeout
                0x08002860       0x54 ./Drivers/STM32F4xx_HAL_Driver/Src/stm32f4xx_hal_i2c.o
 .text.I2C_WaitOnBTFFlagUntilTimeout
                0x080028b4       0x54 ./Drivers/STM32F4xx_HAL_Driver/Src/stm32f4xx_hal_i2c.o
 .text.HAL_I2C_Init
                0x08002908      0x150 ./Drivers/STM32F4xx_HAL_Driver/Src/stm32f4xx_hal_i2c.o
                0x08002908                HAL_I2C_Init
 .text.HAL_I2C_Master_Transmit
                0x08002a58      0x1b4 ./Drivers/STM32F4xx_HAL_Driver/Src/stm32f4xx_hal_i2c.o
                0x08002a58                HAL_I2C_Master_Transmit
 .text.HAL_I2C_IsDeviceReady
                0x08002c0c      0x164 ./Drivers/STM32F4xx_HAL_Driver/Src/stm32f4xx_hal_i2c.o
                0x08002c0c                HAL_I2C_IsDeviceReady
 .text.HAL_RCC_OscConfig
                0x08002d70      0x35c ./Drivers/STM32F4xx_HAL_Driver/Src/stm32f4xx_hal_rcc.o
                0x08002d70                HAL_RCC_OscConfig
 .text.HAL_RCC_GetSysClockFreq
                0x080030cc       0x5c ./Drivers/STM32F4xx_HAL_Driver/Src/stm32f4xx_hal_rcc.o
                0x080030cc                HAL_RCC_GetSysClockFreq
 .text.HAL_RCC_ClockConfig
                0x08003128      0x134 ./Drivers/STM32F4xx_HAL_Driver/Src/stm32f4xx_hal_rcc.o
                0x08003128                HAL_RCC_ClockConfig
 .text.HAL_RCC_GetHCLKFreq
                0x0800325c        0xc ./Drivers/STM32F4xx_HAL_Driver/Src/stm32f4xx_hal_rcc.o
                0x0800325c                HAL_RCC_GetHCLKFreq
 .text.HAL_RCC_GetPCLK1Freq
                0x08003268       0x20 ./Drivers/STM32F4xx_HAL_Driver/Src/stm32f4xx_hal_rcc.o
                0x08003268                HAL_RCC_GetPCLK1Freq
 .text.HAL_RCC_GetPCLK2Freq
                0x08003288       0x20 ./Drivers/STM32F4xx_HAL_Driver/Src/stm32f4xx_hal_rcc.o
                0x08003288                HAL_RCC_GetPCLK2Freq
 .text.TIM_OC1_SetConfig
                0x080032a8       0x50 ./Drivers/STM32F4xx_HAL_Driver/Src/stm32f4xx_hal_tim.o
 .text.TIM_OC3_SetConfig
                0x080032f8       0x54 ./Drivers/STM32F4xx_HAL_Driver/Src/stm32f4xx_hal_tim.o
 .text.TIM_OC4_SetConfig
                0x0800334c       0x44 ./Drivers/STM32F4xx_HAL_Driver/Src/stm32f4xx_hal_tim.o
 .text.HAL_TIM_Base_Start
                0x08003390       0x5c ./Drivers/STM32F4xx_HAL_Driver/Src/stm32f4xx_hal_tim.o
                0x08003390                HAL_TIM_Base_Start
 .text.HAL_TIM_Encoder_Start
                0x080033ec       0xb2 ./Drivers/STM32F4xx_HAL_Driver/Src/stm32f4xx_hal_tim.o
                0x080033ec                HAL_TIM_Encoder_Start
 .text.HAL_TIM_OC_DelayElapsedCallback
                0x0800349e        0x2 ./Drivers/STM32F4xx_HAL_Driver/Src/stm32f4xx_hal_tim.o
                0x0800349e                HAL_TIM_OC_DelayElapsedCallback
 .text.HAL_TIM_IC_CaptureCallback
                0x080034a0        0x2 ./Drivers/STM32F4xx_HAL_Driver/Src/stm32f4xx_hal_tim.o
                0x080034a0                HAL_TIM_IC_CaptureCallback
 .text.HAL_TIM_PWM_PulseFinishedCallback
                0x080034a2        0x2 ./Drivers/STM32F4xx_HAL_Driver/Src/stm32f4xx_hal_tim.o
                0x080034a2                HAL_TIM_PWM_PulseFinishedCallback
 .text.HAL_TIM_TriggerCallback
                0x080034a4        0x2 ./Drivers/STM32F4xx_HAL_Driver/Src/stm32f4xx_hal_tim.o
                0x080034a4                HAL_TIM_TriggerCallback
 .text.HAL_TIM_IRQHandler
                0x080034a6      0x128 ./Drivers/STM32F4xx_HAL_Driver/Src/stm32f4xx_hal_tim.o
                0x080034a6                HAL_TIM_IRQHandler
 *fill*         0x080035ce        0x2 
 .text.TIM_Base_SetConfig
                0x080035d0       0x80 ./Drivers/STM32F4xx_HAL_Driver/Src/stm32f4xx_hal_tim.o
                0x080035d0                TIM_Base_SetConfig
 .text.HAL_TIM_Base_Init
                0x08003650       0x58 ./Drivers/STM32F4xx_HAL_Driver/Src/stm32f4xx_hal_tim.o
                0x08003650                HAL_TIM_Base_Init
 .text.HAL_TIM_PWM_Init
                0x080036a8       0x58 ./Drivers/STM32F4xx_HAL_Driver/Src/stm32f4xx_hal_tim.o
                0x080036a8                HAL_TIM_PWM_Init
 .text.HAL_TIM_Encoder_Init
                0x08003700       0xa8 ./Drivers/STM32F4xx_HAL_Driver/Src/stm32f4xx_hal_tim.o
                0x08003700                HAL_TIM_Encoder_Init
 .text.TIM_OC2_SetConfig
                0x080037a8       0x58 ./Drivers/STM32F4xx_HAL_Driver/Src/stm32f4xx_hal_tim.o
                0x080037a8                TIM_OC2_SetConfig
 .text.HAL_TIM_PWM_ConfigChannel
                0x08003800       0xb0 ./Drivers/STM32F4xx_HAL_Driver/Src/stm32f4xx_hal_tim.o
                0x08003800                HAL_TIM_PWM_ConfigChannel
 .text.TIM_ETR_SetConfig
                0x080038b0       0x14 ./Drivers/STM32F4xx_HAL_Driver/Src/stm32f4xx_hal_tim.o
                0x080038b0                TIM_ETR_SetConfig
 .text.HAL_TIM_ConfigClockSource
                0x080038c4      0x132 ./Drivers/STM32F4xx_HAL_Driver/Src/stm32f4xx_hal_tim.o
                0x080038c4                HAL_TIM_ConfigClockSource
 .text.TIM_CCxChannelCmd
                0x080039f6       0x1c ./Drivers/STM32F4xx_HAL_Driver/Src/stm32f4xx_hal_tim.o
                0x080039f6                TIM_CCxChannelCmd
 *fill*         0x08003a12        0x2 
 .text.HAL_TIM_OC_Start
                0x08003a14       0xac ./Drivers/STM32F4xx_HAL_Driver/Src/stm32f4xx_hal_tim.o
                0x08003a14                HAL_TIM_OC_Start
 .text.HAL_TIM_PWM_Start
                0x08003ac0        0x4 ./Drivers/STM32F4xx_HAL_Driver/Src/stm32f4xx_hal_tim.o
                0x08003ac0                HAL_TIM_PWM_Start
 .text.HAL_TIMEx_MasterConfigSynchronization
                0x08003ac4       0x6c ./Drivers/STM32F4xx_HAL_Driver/Src/stm32f4xx_hal_tim_ex.o
                0x08003ac4                HAL_TIMEx_MasterConfigSynchronization
 .text.HAL_TIMEx_CommutCallback
                0x08003b30        0x2 ./Drivers/STM32F4xx_HAL_Driver/Src/stm32f4xx_hal_tim_ex.o
                0x08003b30                HAL_TIMEx_CommutCallback
 .text.HAL_TIMEx_BreakCallback
                0x08003b32        0x2 ./Drivers/STM32F4xx_HAL_Driver/Src/stm32f4xx_hal_tim_ex.o
                0x08003b32                HAL_TIMEx_BreakCallback
 .text.UART_EndRxTransfer
                0x08003b34       0x5c ./Drivers/STM32F4xx_HAL_Driver/Src/stm32f4xx_hal_uart.o
 .text.UART_SetConfig
                0x08003b90       0xbc ./Drivers/STM32F4xx_HAL_Driver/Src/stm32f4xx_hal_uart.o
 .text.UART_WaitOnFlagUntilTimeout.constprop.0
                0x08003c4c       0x64 ./Drivers/STM32F4xx_HAL_Driver/Src/stm32f4xx_hal_uart.o
 .text.HAL_UART_Init
                0x08003cb0       0x5e ./Drivers/STM32F4xx_HAL_Driver/Src/stm32f4xx_hal_uart.o
                0x08003cb0                HAL_UART_Init
 .text.HAL_UART_Transmit
                0x08003d0e       0x9c ./Drivers/STM32F4xx_HAL_Driver/Src/stm32f4xx_hal_uart.o
                0x08003d0e                HAL_UART_Transmit
 .text.HAL_UART_Receive
                0x08003daa       0xae ./Drivers/STM32F4xx_HAL_Driver/Src/stm32f4xx_hal_uart.o
                0x08003daa                HAL_UART_Receive
 .text._ZN5CBodyC2Ev
                0x08003e58       0x40 ./Modules/Body/CBody.o
                0x08003e58                CBody::CBody()
                0x08003e58                CBody::CBody()
 .text._ZN5CBody23reset_motor_controllersEv
                0x08003e98       0x44 ./Modules/Body/CBody.o
                0x08003e98                CBody::reset_motor_controllers()
 .text._ZN5CBody23start_motor_controllersEv
                0x08003edc       0x18 ./Modules/Body/CBody.o
                0x08003edc                CBody::start_motor_controllers()
 .text._ZN5CBody19position_controllerEv
                0x08003ef4       0x58 ./Modules/Body/CBody.o
                0x08003ef4                CBody::position_controller()
 .text._ZN5CBody16angle_controllerEv
                0x08003f4c       0x74 ./Modules/Body/CBody.o
                0x08003f4c                CBody::angle_controller()
 .text._ZN5CBody24update_motor_controllersEv
                0x08003fc0       0xd0 ./Modules/Body/CBody.o
                0x08003fc0                CBody::update_motor_controllers()
 .text._ZN5CBody9BodyInitsEv
                0x08004090       0x56 ./Modules/Body/CBody.o
                0x08004090                CBody::BodyInits()
 .text._ZN5CBody10BodyResetsEv
                0x080040e6        0x4 ./Modules/Body/CBody.o
                0x080040e6                CBody::BodyResets()
 .text._ZN5CBody11BodyDisplayEv
                0x080040ea        0x6 ./Modules/Body/CBody.o
                0x080040ea                CBody::BodyDisplay()
 .text._ZN5CBody11BodyUpdatesEv
                0x080040f0       0x24 ./Modules/Body/CBody.o
                0x080040f0                CBody::BodyUpdates()
 .text._ZN5CBodyD2Ev
                0x08004114       0x3c ./Modules/Body/CBody.o
                0x08004114                CBody::~CBody()
                0x08004114                CBody::~CBody()
 .text._ZN5CBodyD0Ev
                0x08004150       0x14 ./Modules/Body/CBody.o
                0x08004150                CBody::~CBody()
 .text._ZN14CDriveEncodersD2Ev
                0x08004164        0x2 ./Modules/Body/CDriveEncoders.o
                0x08004164                CDriveEncoders::~CDriveEncoders()
                0x08004164                CDriveEncoders::~CDriveEncoders()
 .text._ZN14CDriveEncodersD0Ev
                0x08004166        0xe ./Modules/Body/CDriveEncoders.o
                0x08004166                CDriveEncoders::~CDriveEncoders()
 .text._ZN14CDriveEncodersC2Ev
                0x08004174        0xc ./Modules/Body/CDriveEncoders.o
                0x08004174                CDriveEncoders::CDriveEncoders()
                0x08004174                CDriveEncoders::CDriveEncoders()
 .text._ZN14CDriveEncoders14reset_encodersEv
                0x08004180       0x1c ./Modules/Body/CDriveEncoders.o
                0x08004180                CDriveEncoders::reset_encoders()
 .text._ZN14CDriveEncoders4initEv
                0x0800419c        0x4 ./Modules/Body/CDriveEncoders.o
                0x0800419c                CDriveEncoders::init()
 .text._ZN14CDriveEncoders15update_encodersEv
                0x080041a0       0x94 ./Modules/Body/CDriveEncoders.o
                0x080041a0                CDriveEncoders::update_encoders()
 .text._ZN14CDriveEncoders19robot_fwd_incrementEv
                0x08004234        0x6 ./Modules/Body/CDriveEncoders.o
                0x08004234                CDriveEncoders::robot_fwd_increment()
 .text._ZN14CDriveEncoders19robot_rot_incrementEv
                0x0800423a        0x6 ./Modules/Body/CDriveEncoders.o
                0x0800423a                CDriveEncoders::robot_rot_increment()
 .text._ZN14CDriveEncoders14robot_positionEv
                0x08004240        0x6 ./Modules/Body/CDriveEncoders.o
                0x08004240                CDriveEncoders::robot_position()
 .text._ZN14CDriveEncoders11robot_angleEv
                0x08004246        0x6 ./Modules/Body/CDriveEncoders.o
                0x08004246                CDriveEncoders::robot_angle()
 .text._ZN14CDriveEncoders4LEncEv
                0x0800424c        0xa ./Modules/Body/CDriveEncoders.o
                0x0800424c                CDriveEncoders::LEnc()
 *fill*         0x08004256        0x2 
 .text._ZN14CDriveEncoders4REncEv
                0x08004258        0xc ./Modules/Body/CDriveEncoders.o
                0x08004258                CDriveEncoders::REnc()
 .text._ZN12CDriveMotorsD2Ev
                0x08004264        0x2 ./Modules/Body/CDriveMotors.o
                0x08004264                CDriveMotors::~CDriveMotors()
                0x08004264                CDriveMotors::~CDriveMotors()
 .text._ZN12CDriveMotorsD0Ev
                0x08004266        0xe ./Modules/Body/CDriveMotors.o
                0x08004266                CDriveMotors::~CDriveMotors()
 .text._ZN12CDriveMotorsC2Ev
                0x08004274        0xc ./Modules/Body/CDriveMotors.o
                0x08004274                CDriveMotors::CDriveMotors()
                0x08004274                CDriveMotors::CDriveMotors()
 .text._ZN12CDriveMotors18set_left_motor_pwmEi
                0x08004280       0x3a ./Modules/Body/CDriveMotors.o
                0x08004280                CDriveMotors::set_left_motor_pwm(int)
 .text._ZN12CDriveMotors19set_right_motor_pwmEi
                0x080042ba       0x36 ./Modules/Body/CDriveMotors.o
                0x080042ba                CDriveMotors::set_right_motor_pwm(int)
 .text._ZN12CDriveMotors20set_left_motor_voltsEf
                0x080042f0       0x3e ./Modules/Body/CDriveMotors.o
                0x080042f0                CDriveMotors::set_left_motor_volts(float)
 .text._ZN12CDriveMotors21set_right_motor_voltsEf
                0x0800432e       0x3e ./Modules/Body/CDriveMotors.o
                0x0800432e                CDriveMotors::set_right_motor_volts(float)
 .text._ZN12CDriveMotors13update_motorsEff
                0x0800436c       0x12 ./Modules/Body/CDriveMotors.o
                0x0800436c                CDriveMotors::update_motors(float, float)
 *fill*         0x0800437e        0x2 
 .text._ZN12CDriveMotors11stop_motorsEv
                0x08004380       0x20 ./Modules/Body/CDriveMotors.o
                0x08004380                CDriveMotors::stop_motors()
 .text._ZN12CDriveMotors4initEv
                0x080043a0        0x4 ./Modules/Body/CDriveMotors.o
                0x080043a0                CDriveMotors::init()
 .text._ZN12CDriveMotors12reset_motorsEv
                0x080043a4        0x4 ./Modules/Body/CDriveMotors.o
                0x080043a4                CDriveMotors::reset_motors()
 .text._ZN13CDriveProfileD2Ev
                0x080043a8        0x2 ./Modules/Body/CDriveProfile.o
                0x080043a8                CDriveProfile::~CDriveProfile()
                0x080043a8                CDriveProfile::~CDriveProfile()
 .text._ZN13CDriveProfileD0Ev
                0x080043aa        0xe ./Modules/Body/CDriveProfile.o
                0x080043aa                CDriveProfile::~CDriveProfile()
 .text._ZN13CDriveProfileC2Ev
                0x080043b8       0x28 ./Modules/Body/CDriveProfile.o
                0x080043b8                CDriveProfile::CDriveProfile()
                0x080043b8                CDriveProfile::CDriveProfile()
 .text._ZN13CDriveProfile4initEv
                0x080043e0        0x2 ./Modules/Body/CDriveProfile.o
                0x080043e0                CDriveProfile::init()
 .text._ZN13CDriveProfile5resetEv
                0x080043e2        0xe ./Modules/Body/CDriveProfile.o
                0x080043e2                CDriveProfile::reset()
 .text._ZN13CDriveProfile11is_finishedEv
                0x080043f0        0xa ./Modules/Body/CDriveProfile.o
                0x080043f0                CDriveProfile::is_finished()
 .text._ZN13CDriveProfile5startEffff
                0x080043fa       0x8a ./Modules/Body/CDriveProfile.o
                0x080043fa                CDriveProfile::start(float, float, float, float)
 .text._ZN13CDriveProfile4stopEv
                0x08004484        0xc ./Modules/Body/CDriveProfile.o
                0x08004484                CDriveProfile::stop()
 .text._ZN13CDriveProfile9set_stateE12ProfileState
                0x08004490        0x4 ./Modules/Body/CDriveProfile.o
                0x08004490                CDriveProfile::set_state(ProfileState)
 .text._ZN13CDriveProfile20get_braking_distanceEv
                0x08004494       0x50 ./Modules/Body/CDriveProfile.o
                0x08004494                CDriveProfile::get_braking_distance()
 .text._ZN13CDriveProfile6updateEv
                0x080044e4      0x100 ./Modules/Body/CDriveProfile.o
                0x080044e4                CDriveProfile::update()
 .text._ZN13CDriveProfile8positionEv
                0x080045e4        0x6 ./Modules/Body/CDriveProfile.o
                0x080045e4                CDriveProfile::position()
 .text._ZN13CDriveProfile5speedEv
                0x080045ea        0x6 ./Modules/Body/CDriveProfile.o
                0x080045ea                CDriveProfile::speed()
 .text._ZN13CDriveProfile9incrementEv
                0x080045f0       0x14 ./Modules/Body/CDriveProfile.o
                0x080045f0                CDriveProfile::increment()
 .text._ZN13CDriveProfile12accelerationEv
                0x08004604        0x6 ./Modules/Body/CDriveProfile.o
                0x08004604                CDriveProfile::acceleration()
 .text._ZN13CDriveProfile16set_target_speedEf
                0x0800460a        0x6 ./Modules/Body/CDriveProfile.o
                0x0800460a                CDriveProfile::set_target_speed(float)
 .text._ZN13CDriveProfile12set_positionEf
                0x08004610        0x6 ./Modules/Body/CDriveProfile.o
                0x08004610                CDriveProfile::set_position(float)
 .text._ZN13CDriveReportsD2Ev
                0x08004616        0x2 ./Modules/Body/CDriveReports.o
                0x08004616                CDriveReports::~CDriveReports()
                0x08004616                CDriveReports::~CDriveReports()
 .text._ZN13CDriveReportsD0Ev
                0x08004618        0xe ./Modules/Body/CDriveReports.o
                0x08004618                CDriveReports::~CDriveReports()
 *fill*         0x08004626        0x2 
 .text._ZN13CDriveReportsC2Ev
                0x08004628       0x10 ./Modules/Body/CDriveReports.o
                0x08004628                CDriveReports::CDriveReports()
                0x08004628                CDriveReports::CDriveReports()
 .text._ZN13CDriveReports4initEP13CDriveSensorsP14CDriveEncodersP12CDriveMotorsP13CDriveProfileS7_
                0x08004638       0x10 ./Modules/Body/CDriveReports.o
                0x08004638                CDriveReports::init(CDriveSensors*, CDriveEncoders*, CDriveMotors*, CDriveProfile*, CDriveProfile*)
 .text._ZN13CDriveReports14report_profileEv
                0x08004648       0xe4 ./Modules/Body/CDriveReports.o
                0x08004648                CDriveReports::report_profile()
 .text._ZN13CDriveSensorsD2Ev
                0x0800472c        0x2 ./Modules/Body/CDriveSensors.o
                0x0800472c                CDriveSensors::~CDriveSensors()
                0x0800472c                CDriveSensors::~CDriveSensors()
 .text._ZN13CDriveSensorsD0Ev
                0x0800472e        0xe ./Modules/Body/CDriveSensors.o
                0x0800472e                CDriveSensors::~CDriveSensors()
 .text._ZN13CDriveSensorsC2Ev
                0x0800473c       0x14 ./Modules/Body/CDriveSensors.o
                0x0800473c                CDriveSensors::CDriveSensors()
                0x0800473c                CDriveSensors::CDriveSensors()
 .text._ZN13CDriveSensors4initEv
                0x08004750        0x2 ./Modules/Body/CDriveSensors.o
                0x08004750                CDriveSensors::init()
 .text._ZN13CDriveSensors13reset_sensorsEv
                0x08004752        0xa ./Modules/Body/CDriveSensors.o
                0x08004752                CDriveSensors::reset_sensors()
 .text._ZN13CDriveSensors29calculate_steering_adjustmentEf
                0x0800475c       0x5c ./Modules/Body/CDriveSensors.o
                0x0800475c                CDriveSensors::calculate_steering_adjustment(float)
 .text._ZN13CDriveSensors15enable_steeringEv
                0x080047b8        0xa ./Modules/Body/CDriveSensors.o
                0x080047b8                CDriveSensors::enable_steering()
 .text._ZN13CDriveSensors16disable_steeringEv
                0x080047c2        0x6 ./Modules/Body/CDriveSensors.o
                0x080047c2                CDriveSensors::disable_steering()
 .text._ZN13CDriveSensors14SensorsDisplayEv
                0x080047c8       0xac ./Modules/Body/CDriveSensors.o
                0x080047c8                CDriveSensors::SensorsDisplay()
 .text._ZN13CDriveSensors14ADC_Select_CHxEm
                0x08004874       0x40 ./Modules/Body/CDriveSensors.o
                0x08004874                CDriveSensors::ADC_Select_CHx(unsigned long)
 .text._ZN13CDriveSensors8IR_pulseEP12GPIO_TypeDeft
                0x080048b4       0x26 ./Modules/Body/CDriveSensors.o
                0x080048b4                CDriveSensors::IR_pulse(GPIO_TypeDef*, unsigned short)
 *fill*         0x080048da        0x2 
 .text._ZN13CDriveSensors8GetValueEi
                0x080048dc       0x34 ./Modules/Body/CDriveSensors.o
                0x080048dc                CDriveSensors::GetValue(int)
 .text._ZN13CDriveSensors19update_wall_sensorsEv
                0x08004910      0x100 ./Modules/Body/CDriveSensors.o
                0x08004910                CDriveSensors::update_wall_sensors()
 .text._ZN13CDriveSensors10MotorPowerEv
                0x08004a10        0x6 ./Modules/Body/CDriveSensors.o
                0x08004a10                CDriveSensors::MotorPower()
 *fill*         0x08004a16        0x2 
 .text._ZN13CDriveSensors22update_battery_voltageEv
                0x08004a18       0x30 ./Modules/Body/CDriveSensors.o
                0x08004a18                CDriveSensors::update_battery_voltage()
 .text._ZN13CDriveSensors14update_sensorsEPfS0_
                0x08004a48       0x1c ./Modules/Body/CDriveSensors.o
                0x08004a48                CDriveSensors::update_sensors(float*, float*)
 .text._ZN9OneButtonD2Ev
                0x08004a64        0x2 ./Modules/Body/OneButton.o
                0x08004a64                OneButton::~OneButton()
                0x08004a64                OneButton::~OneButton()
 .text._ZN9OneButtonD0Ev
                0x08004a66        0xe ./Modules/Body/OneButton.o
                0x08004a66                OneButton::~OneButton()
 .text._ZN9OneButtonC2Ev
                0x08004a74       0x34 ./Modules/Body/OneButton.o
                0x08004a74                OneButton::OneButton()
                0x08004a74                OneButton::OneButton()
 .text._ZN9OneButton4InitEP12GPIO_TypeDefti
                0x08004aa8        0xe ./Modules/Body/OneButton.o
                0x08004aa8                OneButton::Init(GPIO_TypeDef*, unsigned short, int)
 .text._ZN9OneButton11attachClickEPFvvE
                0x08004ab6        0x4 ./Modules/Body/OneButton.o
                0x08004ab6                OneButton::attachClick(void (*)())
 .text._ZN9OneButton4tickEb
                0x08004aba       0xbc ./Modules/Body/OneButton.o
                0x08004aba                OneButton::tick(bool)
 .text._ZN9OneButton4tickEv
                0x08004b76       0x26 ./Modules/Body/OneButton.o
                0x08004b76                OneButton::tick()
 .text._ZN7BuffersD2Ev
                0x08004b9c        0x2 ./Modules/Brain/Buffers.o
                0x08004b9c                Buffers::~Buffers()
                0x08004b9c                Buffers::~Buffers()
 .text._ZN7BuffersD0Ev
                0x08004b9e        0xe ./Modules/Brain/Buffers.o
                0x08004b9e                Buffers::~Buffers()
 .text._ZN7BuffersC2Ev
                0x08004bac       0x10 ./Modules/Brain/Buffers.o
                0x08004bac                Buffers::Buffers()
                0x08004bac                Buffers::Buffers()
 .text._ZN7Buffers9new_StackEv
                0x08004bbc       0x12 ./Modules/Brain/Buffers.o
                0x08004bbc                Buffers::new_Stack()
 .text._ZN7Buffers9new_QueueEv
                0x08004bce       0x16 ./Modules/Brain/Buffers.o
                0x08004bce                Buffers::new_Queue()
 .text._ZN7Buffers12delete_StackEPP5Stack
                0x08004be4       0x24 ./Modules/Brain/Buffers.o
                0x08004be4                Buffers::delete_Stack(Stack**)
 .text._ZN7Buffers12delete_QueueEPP5Queue
                0x08004c08       0x24 ./Modules/Brain/Buffers.o
                0x08004c08                Buffers::delete_Queue(Queue**)
 .text._ZN7Buffers14is_empty_StackEP5Stack
                0x08004c2c       0x24 ./Modules/Brain/Buffers.o
                0x08004c2c                Buffers::is_empty_Stack(Stack*)
 .text._ZN7Buffers3popEP5StackPP4Node
                0x08004c50       0x2c ./Modules/Brain/Buffers.o
                0x08004c50                Buffers::pop(Stack*, Node**)
 .text._ZN7Buffers4pushEP5StackP4Node
                0x08004c7c       0x40 ./Modules/Brain/Buffers.o
                0x08004c7c                Buffers::push(Stack*, Node*)
 .text._ZN7Buffers14is_empty_QueueEP5Queue
                0x08004cbc       0x2c ./Modules/Brain/Buffers.o
                0x08004cbc                Buffers::is_empty_Queue(Queue*)
 .text._ZN7Buffers3getEP5QueueP7runInfo
                0x08004ce8       0x54 ./Modules/Brain/Buffers.o
                0x08004ce8                Buffers::get(Queue*, runInfo*)
 .text._ZN7Buffers3putEP5Queue7runInfo
                0x08004d3c       0x5c ./Modules/Brain/Buffers.o
                0x08004d3c                Buffers::put(Queue*, runInfo)
 .text._ZN6CBrainD2Ev
                0x08004d98       0x20 ./Modules/Brain/CBrain.o
                0x08004d98                CBrain::~CBrain()
                0x08004d98                CBrain::~CBrain()
 .text._ZThn128_N6CBrainD1Ev
                0x08004db8        0x8 ./Modules/Brain/CBrain.o
                0x08004db8                non-virtual thunk to CBrain::~CBrain()
 .text._ZN6CBrainD0Ev
                0x08004dc0       0x14 ./Modules/Brain/CBrain.o
                0x08004dc0                CBrain::~CBrain()
 .text._ZThn128_N6CBrainD0Ev
                0x08004dd4        0x8 ./Modules/Brain/CBrain.o
                0x08004dd4                non-virtual thunk to CBrain::~CBrain()
 .text._ZN6CBrainC2Ev
                0x08004ddc       0x30 ./Modules/Brain/CBrain.o
                0x08004ddc                CBrain::CBrain()
                0x08004ddc                CBrain::CBrain()
 .text._ZN6CBrain9BrainInitEP10SimulationP5CBody
                0x08004e0c       0x1c ./Modules/Brain/CBrain.o
                0x08004e0c                CBrain::BrainInit(Simulation*, CBody*)
 .text._ZN6CBrain13CheckBoundaryEv
                0x08004e28       0x24 ./Modules/Brain/CBrain.o
                0x08004e28                CBrain::CheckBoundary()
 .text._ZN10CerebellumC2Ev
                0x08004e4c       0x1c ./Modules/Brain/Cerebellum.o
                0x08004e4c                Cerebellum::Cerebellum()
                0x08004e4c                Cerebellum::Cerebellum()
 .text._ZN10Cerebellum14CerebellumInitEP10SimulationP5CBody
                0x08004e68        0x6 ./Modules/Brain/Cerebellum.o
                0x08004e68                Cerebellum::CerebellumInit(Simulation*, CBody*)
 .text._ZN10Cerebellum14update_sensorsEv
                0x08004e6e       0x18 ./Modules/Brain/Cerebellum.o
                0x08004e6e                Cerebellum::update_sensors()
 .text._ZN10Cerebellum19wait_until_positionEf
                0x08004e86       0x2c ./Modules/Brain/Cerebellum.o
                0x08004e86                Cerebellum::wait_until_position(float)
 *fill*         0x08004eb2        0x2 
 .text._ZN10Cerebellum4turnEfff
                0x08004eb4       0x58 ./Modules/Brain/Cerebellum.o
                0x08004eb4                Cerebellum::turn(float, float, float)
 .text._ZN10Cerebellum9spin_turnEfff
                0x08004f0c       0x58 ./Modules/Brain/Cerebellum.o
                0x08004f0c                Cerebellum::spin_turn(float, float, float)
 .text._ZN10Cerebellum7turnSubEi
                0x08004f64       0x30 ./Modules/Brain/Cerebellum.o
                0x08004f64                Cerebellum::turnSub(int)
 .text._ZN10Cerebellum10turnLeft45Ev
                0x08004f94       0x28 ./Modules/Brain/Cerebellum.o
                0x08004f94                Cerebellum::turnLeft45()
 .text._ZN10Cerebellum11turnRight45Ev
                0x08004fbc       0x28 ./Modules/Brain/Cerebellum.o
                0x08004fbc                Cerebellum::turnRight45()
 .text._ZN10Cerebellum10turnLeft90Ev
                0x08004fe4       0x28 ./Modules/Brain/Cerebellum.o
                0x08004fe4                Cerebellum::turnLeft90()
 .text._ZN10Cerebellum11turnRight90Ev
                0x0800500c       0x28 ./Modules/Brain/Cerebellum.o
                0x0800500c                Cerebellum::turnRight90()
 .text._ZN10Cerebellum8turnBackEv
                0x08005034       0x28 ./Modules/Brain/Cerebellum.o
                0x08005034                Cerebellum::turnBack()
 .text._ZN10Cerebellum7moveSubEis
                0x0800505c       0x5c ./Modules/Brain/Cerebellum.o
                0x0800505c                Cerebellum::moveSub(int, short)
 .text._ZN10Cerebellum15moveEdgeForwardEs
                0x080050b8       0x2c ./Modules/Brain/Cerebellum.o
                0x080050b8                Cerebellum::moveEdgeForward(short)
 .text._ZN10Cerebellum15moveHalfForwardEs
                0x080050e4       0x2c ./Modules/Brain/Cerebellum.o
                0x080050e4                Cerebellum::moveHalfForward(short)
 .text._ZN10Cerebellum9smoothSubEi
                0x08005110      0x134 ./Modules/Brain/Cerebellum.o
                0x08005110                Cerebellum::smoothSub(int)
 .text._ZN10Cerebellum12smoothLeft90Ev
                0x08005244       0x28 ./Modules/Brain/Cerebellum.o
                0x08005244                Cerebellum::smoothLeft90()
 .text._ZN10Cerebellum13smoothRight90Ev
                0x0800526c       0x28 ./Modules/Brain/Cerebellum.o
                0x0800526c                Cerebellum::smoothRight90()
 .text._ZN10Cerebellum14smoothTurnBackEv
                0x08005294      0x108 ./Modules/Brain/Cerebellum.o
                0x08005294                Cerebellum::smoothTurnBack()
 .text._ZN10Cerebellum17smoothFullForwardEs
                0x0800539c       0x94 ./Modules/Brain/Cerebellum.o
                0x0800539c                Cerebellum::smoothFullForward(short)
 .text._ZN10Cerebellum9readyToGoEv
                0x08005430       0x78 ./Modules/Brain/Cerebellum.o
                0x08005430                Cerebellum::readyToGo()
 .text._ZN10CerebellumD2Ev
                0x080054a8       0x18 ./Modules/Brain/Cerebellum.o
                0x080054a8                Cerebellum::~Cerebellum()
                0x080054a8                Cerebellum::~Cerebellum()
 .text._ZN10CerebellumD0Ev
                0x080054c0       0x14 ./Modules/Brain/Cerebellum.o
                0x080054c0                Cerebellum::~Cerebellum()
 .text._ZN8CerebrumC2Ev
                0x080054d4       0x5c ./Modules/Brain/Cerebrum.o
                0x080054d4                Cerebrum::Cerebrum()
                0x080054d4                Cerebrum::Cerebrum()
 .text._ZN8Cerebrum12CerebrumInitEP10Simulation
                0x08005530        0x4 ./Modules/Brain/Cerebrum.o
                0x08005530                Cerebrum::CerebrumInit(Simulation*)
 .text._ZN8Cerebrum8new_MazeEv
                0x08005534       0x8e ./Modules/Brain/Cerebrum.o
                0x08005534                Cerebrum::new_Maze()
 .text._ZN8Cerebrum11delete_MazeEv
                0x080055c2       0x3a ./Modules/Brain/Cerebrum.o
                0x080055c2                Cerebrum::delete_Maze()
 .text._ZN8Cerebrum19check_start_reachedEP4NodePb
                0x080055fc       0x1c ./Modules/Brain/Cerebrum.o
                0x080055fc                Cerebrum::check_start_reached(Node*, bool*)
 .text._ZN8Cerebrum18check_goal_reachedEP4NodePb
                0x08005618       0x28 ./Modules/Brain/Cerebrum.o
                0x08005618                Cerebrum::check_goal_reached(Node*, bool*)
 .text._ZN8Cerebrum11SetGoalWallEP4Nodeh
                0x08005640       0x30 ./Modules/Brain/Cerebrum.o
                0x08005640                Cerebrum::SetGoalWall(Node*, unsigned char)
 .text._ZN8Cerebrum12OptimizePathEv
                0x08005670       0x58 ./Modules/Brain/Cerebrum.o
                0x08005670                Cerebrum::OptimizePath()
 .text._ZN8Cerebrum16EdgeRunDirectionEhh
                0x080056c8       0x52 ./Modules/Brain/Cerebrum.o
                0x080056c8                Cerebrum::EdgeRunDirection(unsigned char, unsigned char)
 *fill*         0x0800571a        0x2 
 .text._ZN8Cerebrum10Diff_AngleEhh
                0x0800571c       0x48 ./Modules/Brain/Cerebrum.o
                0x0800571c                Cerebrum::Diff_Angle(unsigned char, unsigned char)
 .text._ZN8Cerebrum10RefloodingEP4Nodeb
                0x08005764       0x62 ./Modules/Brain/Cerebrum.o
                0x08005764                Cerebrum::Reflooding(Node*, bool)
 .text._ZN8Cerebrum21StartToGoalRefloodingEhh
                0x080057c6       0x10 ./Modules/Brain/Cerebrum.o
                0x080057c6                Cerebrum::StartToGoalReflooding(unsigned char, unsigned char)
 .text._ZN8Cerebrum21GoalToStartRefloodingEhh
                0x080057d6       0x10 ./Modules/Brain/Cerebrum.o
                0x080057d6                Cerebrum::GoalToStartReflooding(unsigned char, unsigned char)
 .text._ZN8Cerebrum8ReadPathEP5Queue
                0x080057e6       0x12 ./Modules/Brain/Cerebrum.o
                0x080057e6                Cerebrum::ReadPath(Queue*)
 .text._ZN8Cerebrum9WritePathEP5Queue
                0x080057f8       0x16 ./Modules/Brain/Cerebrum.o
                0x080057f8                Cerebrum::WritePath(Queue*)
 .text._ZN8Cerebrum12SetResourcesEv
                0x0800580e       0x1a ./Modules/Brain/Cerebrum.o
                0x0800580e                Cerebrum::SetResources()
 .text._ZN8Cerebrum14ResetResourcesEv
                0x08005828       0x18 ./Modules/Brain/Cerebrum.o
                0x08005828                Cerebrum::ResetResources()
 .text._ZN8Cerebrum19GetNextDirectionSubEP4Nodehb
                0x08005840       0x70 ./Modules/Brain/Cerebrum.o
                0x08005840                Cerebrum::GetNextDirectionSub(Node*, unsigned char, bool)
 .text._ZN8Cerebrum16GetNextDirectionEP4Nodehb
                0x080058b0       0xe8 ./Modules/Brain/Cerebrum.o
                0x080058b0                Cerebrum::GetNextDirection(Node*, unsigned char, bool)
 .text._ZN8Cerebrum11SetWallCellEP4Nodehbbb
                0x08005998       0x72 ./Modules/Brain/Cerebrum.o
                0x08005998                Cerebrum::SetWallCell(Node*, unsigned char, bool, bool, bool)
 *fill*         0x08005a0a        0x2 
 .text._ZN8CerebrumD2Ev
                0x08005a0c       0x24 ./Modules/Brain/Cerebrum.o
                0x08005a0c                Cerebrum::~Cerebrum()
                0x08005a0c                Cerebrum::~Cerebrum()
 .text._ZN8CerebrumD0Ev
                0x08005a30       0x14 ./Modules/Brain/Cerebrum.o
                0x08005a30                Cerebrum::~Cerebrum()
 .text._ZN9FloodfillC2Ev
                0x08005a44       0x1c ./Modules/Brain/Floodfill.o
                0x08005a44                Floodfill::Floodfill()
                0x08005a44                Floodfill::Floodfill()
 .text._ZN9Floodfill19push_open_neighborsEP4NodeP5Stack
                0x08005a60       0x3c ./Modules/Brain/Floodfill.o
                0x08005a60                Floodfill::push_open_neighbors(Node*, Stack*)
 .text._ZN9Floodfill21get_smallest_neighborEP4Node
                0x08005a9c       0x34 ./Modules/Brain/Floodfill.o
                0x08005a9c                Floodfill::get_smallest_neighbor(Node*)
 .text._ZN9Floodfill14floodval_checkEP4Node
                0x08005ad0       0x16 ./Modules/Brain/Floodfill.o
                0x08005ad0                Floodfill::floodval_check(Node*)
 *fill*         0x08005ae6        0x2 
 .text._ZN9Floodfill15update_floodvalEP4Node
                0x08005ae8       0x38 ./Modules/Brain/Floodfill.o
                0x08005ae8                Floodfill::update_floodval(Node*)
 .text._ZN9Floodfill10flood_fillEP4NodeP5Stacks
                0x08005b20       0x6c ./Modules/Brain/Floodfill.o
                0x08005b20                Floodfill::flood_fill(Node*, Stack*, short)
 .text._ZN9Floodfill25get_smallest_neighbor_dirEP4Nodes
                0x08005b8c       0xdc ./Modules/Brain/Floodfill.o
                0x08005b8c                Floodfill::get_smallest_neighbor_dir(Node*, short)
 .text._ZN9FloodfillD2Ev
                0x08005c68       0x18 ./Modules/Brain/Floodfill.o
                0x08005c68                Floodfill::~Floodfill()
                0x08005c68                Floodfill::~Floodfill()
 .text._ZN9FloodfillD0Ev
                0x08005c80       0x14 ./Modules/Brain/Floodfill.o
                0x08005c80                Floodfill::~Floodfill()
 .text._ZN5NodesD2Ev
                0x08005c94        0x2 ./Modules/Brain/Nodes.o
                0x08005c94                Nodes::~Nodes()
                0x08005c94                Nodes::~Nodes()
 .text._ZN5NodesD0Ev
                0x08005c96        0xe ./Modules/Brain/Nodes.o
                0x08005c96                Nodes::~Nodes()
 .text._ZN5NodesC2Ev
                0x08005ca4       0x10 ./Modules/Brain/Nodes.o
                0x08005ca4                Nodes::Nodes()
                0x08005ca4                Nodes::Nodes()
 .text._ZN5Nodes8new_NodeEhh
                0x08005cb4       0x54 ./Modules/Brain/Nodes.o
                0x08005cb4                Nodes::new_Node(unsigned char, unsigned char)
 .text._ZN5Nodes11delete_NodeEPP4Node
                0x08005d08       0x24 ./Modules/Brain/Nodes.o
                0x08005d08                Nodes::delete_Node(Node**)
 .text._ZN10SimulationD2Ev
                0x08005d2c        0x2 ./Modules/Brain/Simulation.o
                0x08005d2c                Simulation::~Simulation()
                0x08005d2c                Simulation::~Simulation()
 .text._ZN10SimulationD0Ev
                0x08005d2e        0xe ./Modules/Brain/Simulation.o
                0x08005d2e                Simulation::~Simulation()
 .text._ZN10SimulationC2Ev
                0x08005d3c        0xc ./Modules/Brain/Simulation.o
                0x08005d3c                Simulation::Simulation()
                0x08005d3c                Simulation::Simulation()
 .text.ee_format
                0x08005d48       0x50 ./Modules/Devices/EEPROM/ee.o
                0x08005d48                ee_format
 .text.ee_read  0x08005d98       0x44 ./Modules/Devices/EEPROM/ee.o
                0x08005d98                ee_read
 .text.ee_init  0x08005ddc        0xc ./Modules/Devices/EEPROM/ee.o
                0x08005ddc                ee_init
 .text.ee_write
                0x08005de8       0x48 ./Modules/Devices/EEPROM/ee.o
                0x08005de8                ee_write
 .text.ee_writeToRam
                0x08005e30       0x2c ./Modules/Devices/EEPROM/ee.o
                0x08005e30                ee_writeToRam
 .text.ee_commit
                0x08005e5c       0x20 ./Modules/Devices/EEPROM/ee.o
                0x08005e5c                ee_commit
 .text.ssd1306_i2cInitEx
                0x08005e7c       0x1e ./Modules/Devices/SSD1306/intf/i2c/ssd1306_i2c.o
                0x08005e7c                ssd1306_i2cInitEx
 .text.ssd1306_i2cInit
                0x08005e9a        0xc ./Modules/Devices/SSD1306/intf/i2c/ssd1306_i2c.o
                0x08005e9a                ssd1306_i2cInit
 *fill*         0x08005ea6        0x2 
 .text.ssd1306_sendDataStart
                0x08005ea8       0x18 ./Modules/Devices/SSD1306/intf/ssd1306_interface.o
                0x08005ea8                ssd1306_sendDataStart
 .text.ssd1306_sendCommands
                0x08005ec0        0xc ./Modules/Devices/SSD1306/intf/ssd1306_interface.o
                0x08005ec0                ssd1306_sendCommands
 .text.ssd1306_sendData
                0x08005ecc       0x18 ./Modules/Devices/SSD1306/intf/ssd1306_interface.o
                0x08005ecc                ssd1306_sendData
 .text.ssd1306_sendWordData
                0x08005ee4       0x20 ./Modules/Devices/SSD1306/intf/ssd1306_interface.o
                0x08005ee4                ssd1306_sendWordData
 .text.ssd1306_sendDataFinish
                0x08005f04       0x24 ./Modules/Devices/SSD1306/intf/ssd1306_interface.o
                0x08005f04                ssd1306_sendDataFinish
 .text.ssd1306_nextPage
                0x08005f28        0x2 ./Modules/Devices/SSD1306/lcd/oled_ssd1306.o
 .text.ssd1306_setMode_int
                0x08005f2a        0x2 ./Modules/Devices/SSD1306/lcd/oled_ssd1306.o
 .text.ssd1306_setBlock
                0x08005f2c       0x4c ./Modules/Devices/SSD1306/lcd/oled_ssd1306.o
 .text.ssd1306_128x64_init
                0x08005f78       0x58 ./Modules/Devices/SSD1306/lcd/oled_ssd1306.o
                0x08005f78                ssd1306_128x64_init
 .text.ssd1306_128x64_i2c_init
                0x08005fd0        0xe ./Modules/Devices/SSD1306/lcd/oled_ssd1306.o
                0x08005fd0                ssd1306_128x64_i2c_init
 *fill*         0x08005fde        0x2 
 .text.ssd1306_clearScreen
                0x08005fe0       0x4c ./Modules/Devices/SSD1306/ssd1306_1bit.o
                0x08005fe0                ssd1306_clearScreen
 .text.ssd1306_printFixed
                0x0800602c      0x144 ./Modules/Devices/SSD1306/ssd1306_1bit.o
                0x0800602c                ssd1306_printFixed
 .text.ssd1306_printFixedN
                0x08006170      0x1ec ./Modules/Devices/SSD1306/ssd1306_1bit.o
                0x08006170                ssd1306_printFixedN
 .text.ssd1306_getCharGlyph
                0x0800635c       0x20 ./Modules/Devices/SSD1306/ssd1306_generic.o
 .text.ssd1306_searchCharGlyph
                0x0800637c       0x34 ./Modules/Devices/SSD1306/ssd1306_generic.o
 .text.__ssd1306_oldFormatGetBitmap
                0x080063b0       0x58 ./Modules/Devices/SSD1306/ssd1306_generic.o
 .text.ssd1306_getCharBitmap
                0x08006408        0xc ./Modules/Devices/SSD1306/ssd1306_generic.o
                0x08006408                ssd1306_getCharBitmap
 .text.ssd1306_unicode16FromUtf8
                0x08006414       0x28 ./Modules/Devices/SSD1306/ssd1306_generic.o
                0x08006414                ssd1306_unicode16FromUtf8
 .text.ssd1306_setFixedFont
                0x0800643c       0x3c ./Modules/Devices/SSD1306/ssd1306_generic.o
                0x0800643c                ssd1306_setFixedFont
 .text.platform_i2c_start
                0x08006478        0x2 ./Modules/Devices/SSD1306/ssd1306_hal/stm32/platform.o
 .text.platform_i2c_close
                0x0800647a        0x2 ./Modules/Devices/SSD1306/ssd1306_hal/stm32/platform.o
 .text.platform_i2c_stop
                0x0800647c        0x2 ./Modules/Devices/SSD1306/ssd1306_hal/stm32/platform.o
 *fill*         0x0800647e        0x2 
 .text.print_i2c_error
                0x08006480       0x2c ./Modules/Devices/SSD1306/ssd1306_hal/stm32/platform.o
                0x08006480                print_i2c_error
 .text.ssd1306_platform_i2cInit
                0x080064ac       0x50 ./Modules/Devices/SSD1306/ssd1306_hal/stm32/platform.o
                0x080064ac                ssd1306_platform_i2cInit
 .text.platform_i2c_send_buffer
                0x080064fc       0x30 ./Modules/Devices/SSD1306/ssd1306_hal/stm32/platform.o
 .text._ZN10AdultMouseD2Ev
                0x0800652c       0x1c ./Modules/Mices/AdultMouse.o
                0x0800652c                AdultMouse::~AdultMouse()
                0x0800652c                AdultMouse::~AdultMouse()
 .text._ZThn128_N10AdultMouseD1Ev
                0x08006548        0x8 ./Modules/Mices/AdultMouse.o
                0x08006548                non-virtual thunk to AdultMouse::~AdultMouse()
 .text._ZN10AdultMouseD0Ev
                0x08006550       0x16 ./Modules/Mices/AdultMouse.o
                0x08006550                AdultMouse::~AdultMouse()
 .text._ZThn128_N10AdultMouseD0Ev
                0x08006566        0x8 ./Modules/Mices/AdultMouse.o
                0x08006566                non-virtual thunk to AdultMouse::~AdultMouse()
 *fill*         0x0800656e        0x2 
 .text._ZN10AdultMouseC2EP10Simulation
                0x08006570       0x24 ./Modules/Mices/AdultMouse.o
                0x08006570                AdultMouse::AdultMouse(Simulation*)
                0x08006570                AdultMouse::AdultMouse(Simulation*)
 .text._ZN10AdultMouse10MoveActionEP5Queueh
                0x08006594      0x304 ./Modules/Mices/AdultMouse.o
                0x08006594                AdultMouse::MoveAction(Queue*, unsigned char)
 .text._ZN10AdultMouse13BuildshortcutEP5QueuePhS2_hhhb
                0x08006898      0x190 ./Modules/Mices/AdultMouse.o
                0x08006898                AdultMouse::Buildshortcut(Queue*, unsigned char*, unsigned char*, unsigned char, unsigned char, unsigned char, bool)
 .text._ZN10AdultMouse7HowToGoEPhS0_S0_b
                0x08006a28      0x18c ./Modules/Mices/AdultMouse.o
                0x08006a28                AdultMouse::HowToGo(unsigned char*, unsigned char*, unsigned char*, bool)
 .text._ZN10AdultMouse11StartToGoalEh
                0x08006bb4       0xa4 ./Modules/Mices/AdultMouse.o
                0x08006bb4                AdultMouse::StartToGoal(unsigned char)
 .text._ZN10AdultMouse11GoalToStartEh
                0x08006c58       0x84 ./Modules/Mices/AdultMouse.o
                0x08006c58                AdultMouse::GoalToStart(unsigned char)
 .text._ZN10AdultMouse8FindGoalEb
                0x08006cdc       0xfc ./Modules/Mices/AdultMouse.o
                0x08006cdc                AdultMouse::FindGoal(bool)
 .text._ZN10AdultMouse10WalkToGoalEv
                0x08006dd8        0x6 ./Modules/Mices/AdultMouse.o
                0x08006dd8                AdultMouse::WalkToGoal()
 .text._ZN10AdultMouse9RunToGoalEv
                0x08006dde        0x6 ./Modules/Mices/AdultMouse.o
                0x08006dde                AdultMouse::RunToGoal()
 .text._ZN9BabyMouseD2Ev
                0x08006de4       0x1c ./Modules/Mices/BabyMouse.o
                0x08006de4                BabyMouse::~BabyMouse()
                0x08006de4                BabyMouse::~BabyMouse()
 .text._ZThn128_N9BabyMouseD1Ev
                0x08006e00        0x8 ./Modules/Mices/BabyMouse.o
                0x08006e00                non-virtual thunk to BabyMouse::~BabyMouse()
 .text._ZN9BabyMouseD0Ev
                0x08006e08       0x16 ./Modules/Mices/BabyMouse.o
                0x08006e08                BabyMouse::~BabyMouse()
 .text._ZThn128_N9BabyMouseD0Ev
                0x08006e1e        0x8 ./Modules/Mices/BabyMouse.o
                0x08006e1e                non-virtual thunk to BabyMouse::~BabyMouse()
 *fill*         0x08006e26        0x2 
 .text._ZN9BabyMouseC2EP10Simulation
                0x08006e28       0x24 ./Modules/Mices/BabyMouse.o
                0x08006e28                BabyMouse::BabyMouse(Simulation*)
                0x08006e28                BabyMouse::BabyMouse(Simulation*)
 .text._ZN5CMiceC2Ev
                0x08006e4c       0x24 ./Modules/Mices/CMice.o
                0x08006e4c                CMice::CMice()
                0x08006e4c                CMice::CMice()
 .text._ZN5CMice8miceInitEP10Simulation
                0x08006e70       0x16 ./Modules/Mices/CMice.o
                0x08006e70                CMice::miceInit(Simulation*)
 .text._ZN5CMice9miceResetEv
                0x08006e86        0x6 ./Modules/Mices/CMice.o
                0x08006e86                CMice::miceReset()
 .text._ZN5CMice10miceUpdateEv
                0x08006e8c        0x6 ./Modules/Mices/CMice.o
                0x08006e8c                CMice::miceUpdate()
 *fill*         0x08006e92        0x2 
 .text._ZN5CMiceD2Ev
                0x08006e94       0x24 ./Modules/Mices/CMice.o
                0x08006e94                CMice::~CMice()
                0x08006e94                CMice::~CMice()
 .text._ZThn128_N5CMiceD1Ev
                0x08006eb8        0x8 ./Modules/Mices/CMice.o
                0x08006eb8                non-virtual thunk to CMice::~CMice()
 .text._ZN5CMiceD0Ev
                0x08006ec0       0x16 ./Modules/Mices/CMice.o
                0x08006ec0                CMice::~CMice()
 .text._ZThn128_N5CMiceD0Ev
                0x08006ed6        0x8 ./Modules/Mices/CMice.o
                0x08006ed6                non-virtual thunk to CMice::~CMice()
 *fill*         0x08006ede        0x2 
 .text._ZN8OldMouseD2Ev
                0x08006ee0       0x1c ./Modules/Mices/OldMouse.o
                0x08006ee0                OldMouse::~OldMouse()
                0x08006ee0                OldMouse::~OldMouse()
 .text._ZThn128_N8OldMouseD1Ev
                0x08006efc        0x8 ./Modules/Mices/OldMouse.o
                0x08006efc                non-virtual thunk to OldMouse::~OldMouse()
 .text._ZN8OldMouseD0Ev
                0x08006f04       0x16 ./Modules/Mices/OldMouse.o
                0x08006f04                OldMouse::~OldMouse()
 .text._ZThn128_N8OldMouseD0Ev
                0x08006f1a        0x8 ./Modules/Mices/OldMouse.o
                0x08006f1a                non-virtual thunk to OldMouse::~OldMouse()
 *fill*         0x08006f22        0x2 
 .text._ZN8OldMouseC2EP10Simulation
                0x08006f24       0x24 ./Modules/Mices/OldMouse.o
                0x08006f24                OldMouse::OldMouse(Simulation*)
                0x08006f24                OldMouse::OldMouse(Simulation*)
 .text._ZN15YoungAdultMouseD2Ev
                0x08006f48       0x1c ./Modules/Mices/YoungAdultMouse.o
                0x08006f48                YoungAdultMouse::~YoungAdultMouse()
                0x08006f48                YoungAdultMouse::~YoungAdultMouse()
 .text._ZThn128_N15YoungAdultMouseD1Ev
                0x08006f64        0x8 ./Modules/Mices/YoungAdultMouse.o
                0x08006f64                non-virtual thunk to YoungAdultMouse::~YoungAdultMouse()
 .text._ZN15YoungAdultMouseD0Ev
                0x08006f6c       0x16 ./Modules/Mices/YoungAdultMouse.o
                0x08006f6c                YoungAdultMouse::~YoungAdultMouse()
 .text._ZThn128_N15YoungAdultMouseD0Ev
                0x08006f82        0x8 ./Modules/Mices/YoungAdultMouse.o
                0x08006f82                non-virtual thunk to YoungAdultMouse::~YoungAdultMouse()
 *fill*         0x08006f8a        0x2 
 .text._ZN15YoungAdultMouseC2EP10Simulation
                0x08006f8c       0x48 ./Modules/Mices/YoungAdultMouse.o
                0x08006f8c                YoungAdultMouse::YoungAdultMouse(Simulation*)
                0x08006f8c                YoungAdultMouse::YoungAdultMouse(Simulation*)
 .text._ZN10YoungMouseD2Ev
                0x08006fd4       0x1c ./Modules/Mices/YoungMouse.o
                0x08006fd4                YoungMouse::~YoungMouse()
                0x08006fd4                YoungMouse::~YoungMouse()
 .text._ZThn128_N10YoungMouseD1Ev
                0x08006ff0        0x8 ./Modules/Mices/YoungMouse.o
                0x08006ff0                non-virtual thunk to YoungMouse::~YoungMouse()
 .text._ZN10YoungMouseD0Ev
                0x08006ff8       0x16 ./Modules/Mices/YoungMouse.o
                0x08006ff8                YoungMouse::~YoungMouse()
 .text._ZThn128_N10YoungMouseD0Ev
                0x0800700e        0x8 ./Modules/Mices/YoungMouse.o
                0x0800700e                non-virtual thunk to YoungMouse::~YoungMouse()
 *fill*         0x08007016        0x2 
 .text._ZN10YoungMouseC2EP10Simulation
                0x08007018       0x24 ./Modules/Mices/YoungMouse.o
                0x08007018                YoungMouse::YoungMouse(Simulation*)
                0x08007018                YoungMouse::YoungMouse(Simulation*)
 .text._ZdlPvj  0x0800703c        0x4 C:/ST/STM32CubeIDE_1.19.0/STM32CubeIDE/plugins/com.st.stm32cube.ide.mcu.externaltools.gnu-tools-for-stm32.13.3.rel1.win32_1.0.0.202411081344/tools/bin/../lib/gcc/arm-none-eabi/13.3.1/../../../../arm-none-eabi/lib/thumb/v7e-m+fp/hard\libstdc++_nano.a(del_ops.o)
                0x0800703c                operator delete(void*, unsigned int)
 .text._ZdlPv   0x08007040        0x4 C:/ST/STM32CubeIDE_1.19.0/STM32CubeIDE/plugins/com.st.stm32cube.ide.mcu.externaltools.gnu-tools-for-stm32.13.3.rel1.win32_1.0.0.202411081344/tools/bin/../lib/gcc/arm-none-eabi/13.3.1/../../../../arm-none-eabi/lib/thumb/v7e-m+fp/hard\libstdc++_nano.a(del_op.o)
                0x08007040                operator delete(void*)
 .text.malloc   0x08007044       0x10 C:/ST/STM32CubeIDE_1.19.0/STM32CubeIDE/plugins/com.st.stm32cube.ide.mcu.externaltools.gnu-tools-for-stm32.13.3.rel1.win32_1.0.0.202411081344/tools/bin/../lib/gcc/arm-none-eabi/13.3.1/../../../../arm-none-eabi/lib/thumb/v7e-m+fp/hard\libc_nano.a(libc_a-malloc.o)
                0x08007044                malloc
 .text.free     0x08007054       0x10 C:/ST/STM32CubeIDE_1.19.0/STM32CubeIDE/plugins/com.st.stm32cube.ide.mcu.externaltools.gnu-tools-for-stm32.13.3.rel1.win32_1.0.0.202411081344/tools/bin/../lib/gcc/arm-none-eabi/13.3.1/../../../../arm-none-eabi/lib/thumb/v7e-m+fp/hard\libc_nano.a(libc_a-malloc.o)
                0x08007054                free
 .text.sbrk_aligned
                0x08007064       0x44 C:/ST/STM32CubeIDE_1.19.0/STM32CubeIDE/plugins/com.st.stm32cube.ide.mcu.externaltools.gnu-tools-for-stm32.13.3.rel1.win32_1.0.0.202411081344/tools/bin/../lib/gcc/arm-none-eabi/13.3.1/../../../../arm-none-eabi/lib/thumb/v7e-m+fp/hard\libc_nano.a(libc_a-mallocr.o)
 .text._malloc_r
                0x080070a8      0x100 C:/ST/STM32CubeIDE_1.19.0/STM32CubeIDE/plugins/com.st.stm32cube.ide.mcu.externaltools.gnu-tools-for-stm32.13.3.rel1.win32_1.0.0.202411081344/tools/bin/../lib/gcc/arm-none-eabi/13.3.1/../../../../arm-none-eabi/lib/thumb/v7e-m+fp/hard\libc_nano.a(libc_a-mallocr.o)
                0x080070a8                _malloc_r
 .text.__malloc_lock
                0x080071a8        0xc C:/ST/STM32CubeIDE_1.19.0/STM32CubeIDE/plugins/com.st.stm32cube.ide.mcu.externaltools.gnu-tools-for-stm32.13.3.rel1.win32_1.0.0.202411081344/tools/bin/../lib/gcc/arm-none-eabi/13.3.1/../../../../arm-none-eabi/lib/thumb/v7e-m+fp/hard\libc_nano.a(libc_a-mlock.o)
                0x080071a8                __malloc_lock
 .text.__malloc_unlock
                0x080071b4        0xc C:/ST/STM32CubeIDE_1.19.0/STM32CubeIDE/plugins/com.st.stm32cube.ide.mcu.externaltools.gnu-tools-for-stm32.13.3.rel1.win32_1.0.0.202411081344/tools/bin/../lib/gcc/arm-none-eabi/13.3.1/../../../../arm-none-eabi/lib/thumb/v7e-m+fp/hard\libc_nano.a(libc_a-mlock.o)
                0x080071b4                __malloc_unlock
 .text._strtol_l.isra.0
                0x080071c0       0xf4 C:/ST/STM32CubeIDE_1.19.0/STM32CubeIDE/plugins/com.st.stm32cube.ide.mcu.externaltools.gnu-tools-for-stm32.13.3.rel1.win32_1.0.0.202411081344/tools/bin/../lib/gcc/arm-none-eabi/13.3.1/../../../../arm-none-eabi/lib/thumb/v7e-m+fp/hard\libc_nano.a(libc_a-strtol.o)
 .text._strtol_r
                0x080072b4        0x4 C:/ST/STM32CubeIDE_1.19.0/STM32CubeIDE/plugins/com.st.stm32cube.ide.mcu.externaltools.gnu-tools-for-stm32.13.3.rel1.win32_1.0.0.202411081344/tools/bin/../lib/gcc/arm-none-eabi/13.3.1/../../../../arm-none-eabi/lib/thumb/v7e-m+fp/hard\libc_nano.a(libc_a-strtol.o)
                0x080072b4                _strtol_r
 .text.__cvt    0x080072b8       0xca C:/ST/STM32CubeIDE_1.19.0/STM32CubeIDE/plugins/com.st.stm32cube.ide.mcu.externaltools.gnu-tools-for-stm32.13.3.rel1.win32_1.0.0.202411081344/tools/bin/../lib/gcc/arm-none-eabi/13.3.1/../../../../arm-none-eabi/lib/thumb/v7e-m+fp/hard\libc_nano.a(libc_a-nano-vfprintf_float.o)
                0x080072b8                __cvt
 .text.__exponent
                0x08007382       0x74 C:/ST/STM32CubeIDE_1.19.0/STM32CubeIDE/plugins/com.st.stm32cube.ide.mcu.externaltools.gnu-tools-for-stm32.13.3.rel1.win32_1.0.0.202411081344/tools/bin/../lib/gcc/arm-none-eabi/13.3.1/../../../../arm-none-eabi/lib/thumb/v7e-m+fp/hard\libc_nano.a(libc_a-nano-vfprintf_float.o)
                0x08007382                __exponent
 *fill*         0x080073f6        0x2 
 .text._printf_float
                0x080073f8      0x454 C:/ST/STM32CubeIDE_1.19.0/STM32CubeIDE/plugins/com.st.stm32cube.ide.mcu.externaltools.gnu-tools-for-stm32.13.3.rel1.win32_1.0.0.202411081344/tools/bin/../lib/gcc/arm-none-eabi/13.3.1/../../../../arm-none-eabi/lib/thumb/v7e-m+fp/hard\libc_nano.a(libc_a-nano-vfprintf_float.o)
                0x080073f8                _printf_float
 .text._printf_common
                0x0800784c       0xda C:/ST/STM32CubeIDE_1.19.0/STM32CubeIDE/plugins/com.st.stm32cube.ide.mcu.externaltools.gnu-tools-for-stm32.13.3.rel1.win32_1.0.0.202411081344/tools/bin/../lib/gcc/arm-none-eabi/13.3.1/../../../../arm-none-eabi/lib/thumb/v7e-m+fp/hard\libc_nano.a(libc_a-nano-vfprintf_i.o)
                0x0800784c                _printf_common
 *fill*         0x08007926        0x2 
 .text._printf_i
                0x08007928      0x23c C:/ST/STM32CubeIDE_1.19.0/STM32CubeIDE/plugins/com.st.stm32cube.ide.mcu.externaltools.gnu-tools-for-stm32.13.3.rel1.win32_1.0.0.202411081344/tools/bin/../lib/gcc/arm-none-eabi/13.3.1/../../../../arm-none-eabi/lib/thumb/v7e-m+fp/hard\libc_nano.a(libc_a-nano-vfprintf_i.o)
                0x08007928                _printf_i
 .text._scanf_float
                0x08007b64      0x41c C:/ST/STM32CubeIDE_1.19.0/STM32CubeIDE/plugins/com.st.stm32cube.ide.mcu.externaltools.gnu-tools-for-stm32.13.3.rel1.win32_1.0.0.202411081344/tools/bin/../lib/gcc/arm-none-eabi/13.3.1/../../../../arm-none-eabi/lib/thumb/v7e-m+fp/hard\libc_nano.a(libc_a-nano-vfscanf_float.o)
                0x08007b64                _scanf_float
 .text.std      0x08007f80       0x6c C:/ST/STM32CubeIDE_1.19.0/STM32CubeIDE/plugins/com.st.stm32cube.ide.mcu.externaltools.gnu-tools-for-stm32.13.3.rel1.win32_1.0.0.202411081344/tools/bin/../lib/gcc/arm-none-eabi/13.3.1/../../../../arm-none-eabi/lib/thumb/v7e-m+fp/hard\libc_nano.a(libc_a-findfp.o)
 .text.stdio_exit_handler
                0x08007fec       0x18 C:/ST/STM32CubeIDE_1.19.0/STM32CubeIDE/plugins/com.st.stm32cube.ide.mcu.externaltools.gnu-tools-for-stm32.13.3.rel1.win32_1.0.0.202411081344/tools/bin/../lib/gcc/arm-none-eabi/13.3.1/../../../../arm-none-eabi/lib/thumb/v7e-m+fp/hard\libc_nano.a(libc_a-findfp.o)
 .text.cleanup_stdio
                0x08008004       0x40 C:/ST/STM32CubeIDE_1.19.0/STM32CubeIDE/plugins/com.st.stm32cube.ide.mcu.externaltools.gnu-tools-for-stm32.13.3.rel1.win32_1.0.0.202411081344/tools/bin/../lib/gcc/arm-none-eabi/13.3.1/../../../../arm-none-eabi/lib/thumb/v7e-m+fp/hard\libc_nano.a(libc_a-findfp.o)
 .text.global_stdio_init.part.0
                0x08008044       0x3c C:/ST/STM32CubeIDE_1.19.0/STM32CubeIDE/plugins/com.st.stm32cube.ide.mcu.externaltools.gnu-tools-for-stm32.13.3.rel1.win32_1.0.0.202411081344/tools/bin/../lib/gcc/arm-none-eabi/13.3.1/../../../../arm-none-eabi/lib/thumb/v7e-m+fp/hard\libc_nano.a(libc_a-findfp.o)
 .text.__sfp_lock_acquire
                0x08008080        0xc C:/ST/STM32CubeIDE_1.19.0/STM32CubeIDE/plugins/com.st.stm32cube.ide.mcu.externaltools.gnu-tools-for-stm32.13.3.rel1.win32_1.0.0.202411081344/tools/bin/../lib/gcc/arm-none-eabi/13.3.1/../../../../arm-none-eabi/lib/thumb/v7e-m+fp/hard\libc_nano.a(libc_a-findfp.o)
                0x08008080                __sfp_lock_acquire
 .text.__sfp_lock_release
                0x0800808c        0xc C:/ST/STM32CubeIDE_1.19.0/STM32CubeIDE/plugins/com.st.stm32cube.ide.mcu.externaltools.gnu-tools-for-stm32.13.3.rel1.win32_1.0.0.202411081344/tools/bin/../lib/gcc/arm-none-eabi/13.3.1/../../../../arm-none-eabi/lib/thumb/v7e-m+fp/hard\libc_nano.a(libc_a-findfp.o)
                0x0800808c                __sfp_lock_release
 .text.__sinit  0x08008098       0x30 C:/ST/STM32CubeIDE_1.19.0/STM32CubeIDE/plugins/com.st.stm32cube.ide.mcu.externaltools.gnu-tools-for-stm32.13.3.rel1.win32_1.0.0.202411081344/tools/bin/../lib/gcc/arm-none-eabi/13.3.1/../../../../arm-none-eabi/lib/thumb/v7e-m+fp/hard\libc_nano.a(libc_a-findfp.o)
                0x08008098                __sinit
 .text._fwalk_sglue
                0x080080c8       0x3c C:/ST/STM32CubeIDE_1.19.0/STM32CubeIDE/plugins/com.st.stm32cube.ide.mcu.externaltools.gnu-tools-for-stm32.13.3.rel1.win32_1.0.0.202411081344/tools/bin/../lib/gcc/arm-none-eabi/13.3.1/../../../../arm-none-eabi/lib/thumb/v7e-m+fp/hard\libc_nano.a(libc_a-fwalk.o)
                0x080080c8                _fwalk_sglue
 .text.printf   0x08008104       0x24 C:/ST/STM32CubeIDE_1.19.0/STM32CubeIDE/plugins/com.st.stm32cube.ide.mcu.externaltools.gnu-tools-for-stm32.13.3.rel1.win32_1.0.0.202411081344/tools/bin/../lib/gcc/arm-none-eabi/13.3.1/../../../../arm-none-eabi/lib/thumb/v7e-m+fp/hard\libc_nano.a(libc_a-printf.o)
                0x08008104                iprintf
                0x08008104                printf
 .text._puts_r  0x08008128       0xaa C:/ST/STM32CubeIDE_1.19.0/STM32CubeIDE/plugins/com.st.stm32cube.ide.mcu.externaltools.gnu-tools-for-stm32.13.3.rel1.win32_1.0.0.202411081344/tools/bin/../lib/gcc/arm-none-eabi/13.3.1/../../../../arm-none-eabi/lib/thumb/v7e-m+fp/hard\libc_nano.a(libc_a-puts.o)
                0x08008128                _puts_r
 *fill*         0x080081d2        0x2 
 .text.puts     0x080081d4       0x10 C:/ST/STM32CubeIDE_1.19.0/STM32CubeIDE/plugins/com.st.stm32cube.ide.mcu.externaltools.gnu-tools-for-stm32.13.3.rel1.win32_1.0.0.202411081344/tools/bin/../lib/gcc/arm-none-eabi/13.3.1/../../../../arm-none-eabi/lib/thumb/v7e-m+fp/hard\libc_nano.a(libc_a-puts.o)
                0x080081d4                puts
 .text.sprintf  0x080081e4       0x44 C:/ST/STM32CubeIDE_1.19.0/STM32CubeIDE/plugins/com.st.stm32cube.ide.mcu.externaltools.gnu-tools-for-stm32.13.3.rel1.win32_1.0.0.202411081344/tools/bin/../lib/gcc/arm-none-eabi/13.3.1/../../../../arm-none-eabi/lib/thumb/v7e-m+fp/hard\libc_nano.a(libc_a-sprintf.o)
                0x080081e4                siprintf
                0x080081e4                sprintf
 .text.__sread  0x08008228       0x22 C:/ST/STM32CubeIDE_1.19.0/STM32CubeIDE/plugins/com.st.stm32cube.ide.mcu.externaltools.gnu-tools-for-stm32.13.3.rel1.win32_1.0.0.202411081344/tools/bin/../lib/gcc/arm-none-eabi/13.3.1/../../../../arm-none-eabi/lib/thumb/v7e-m+fp/hard\libc_nano.a(libc_a-stdio.o)
                0x08008228                __sread
 .text.__swrite
                0x0800824a       0x38 C:/ST/STM32CubeIDE_1.19.0/STM32CubeIDE/plugins/com.st.stm32cube.ide.mcu.externaltools.gnu-tools-for-stm32.13.3.rel1.win32_1.0.0.202411081344/tools/bin/../lib/gcc/arm-none-eabi/13.3.1/../../../../arm-none-eabi/lib/thumb/v7e-m+fp/hard\libc_nano.a(libc_a-stdio.o)
                0x0800824a                __swrite
 .text.__sseek  0x08008282       0x24 C:/ST/STM32CubeIDE_1.19.0/STM32CubeIDE/plugins/com.st.stm32cube.ide.mcu.externaltools.gnu-tools-for-stm32.13.3.rel1.win32_1.0.0.202411081344/tools/bin/../lib/gcc/arm-none-eabi/13.3.1/../../../../arm-none-eabi/lib/thumb/v7e-m+fp/hard\libc_nano.a(libc_a-stdio.o)
                0x08008282                __sseek
 .text.__sclose
                0x080082a6        0x8 C:/ST/STM32CubeIDE_1.19.0/STM32CubeIDE/plugins/com.st.stm32cube.ide.mcu.externaltools.gnu-tools-for-stm32.13.3.rel1.win32_1.0.0.202411081344/tools/bin/../lib/gcc/arm-none-eabi/13.3.1/../../../../arm-none-eabi/lib/thumb/v7e-m+fp/hard\libc_nano.a(libc_a-stdio.o)
                0x080082a6                __sclose
 .text.__swbuf_r