C:/Users/apex6/Desktop/NewMiceRobots/MiceMA/Modules/Body/BodyConfig.h:302:14:float Constrainf(float, float, float)	24	static
../Modules/Body/CDriveSensors.cpp:15:1:CDriveSensors::CDriveSensors()	16	static
../Modules/Body/CDriveSensors.cpp:20:1:CDriveSensors::~CDriveSensors()	16	static
../Modules/Body/CDriveSensors.cpp:20:1:virtual CDriveSensors::~CDriveSensors()	16	static
../Modules/Body/CDriveSensors.cpp:24:6:void CDriveSensors::init()	16	static
../Modules/Body/CDriveSensors.cpp:30:6:void CDriveSensors::reset_sensors()	16	static
../Modules/Body/CDriveSensors.cpp:37:6:void CDriveSensors::update_sensors(float*, float*)	24	static
../Modules/Body/CDriveSensors.cpp:58:7:float CDriveSensors::calculate_steering_adjustment(float)	32	static
../Modules/Body/CDriveSensors.cpp:70:6:void CDriveSensors::reset_steering()	16	static
../Modules/Body/CDriveSensors.cpp:74:6:void CDriveSensors::enable_steering()	16	static
../Modules/Body/CDriveSensors.cpp:79:6:void CDriveSensors::disable_steering()	16	static
../Modules/Body/CDriveSensors.cpp:85:7:float CDriveSensors::update_battery_voltage()	24	static
../Modules/Body/CDriveSensors.cpp:102:7:float CDriveSensors::update_wall_sensors()	32	static
../Modules/Body/CDriveSensors.cpp:145:7:short int CDriveSensors::SensorsDisplay()	40	static
../Modules/Body/CDriveSensors.cpp:174:10:uint16_t CDriveSensors::ADC_Select_CHx(uint32_t)	40	static
../Modules/Body/CDriveSensors.cpp:200:6:void CDriveSensors::IR_pulse(GPIO_TypeDef*, uint16_t)	24	static
../Modules/Body/CDriveSensors.cpp:211:10:uint16_t CDriveSensors::GetValue(int)	24	static
../Modules/Body/CDriveSensors.cpp:223:10:uint16_t CDriveSensors::MotorPower()	16	static
